******************************************************************************
                  TI ARM Linker PC v5.1.5                      
******************************************************************************
>> Linked Wed Aug 27 17:40:28 2014

OUTPUT FILE NAME:   <Quadcopter.out>
ENTRY POINT SYMBOL: "_c_int00"  address: 0000b711


MEMORY CONFIGURATION

         name            origin    length      used     unused   attr    fill
----------------------  --------  ---------  --------  --------  ----  --------
  FLASH                 00000000   00040000  0000cc64  0003339c  R  X
  SRAM                  20000000   00008000  00001cff  00006301  RW X


SEGMENT ALLOCATION MAP

run origin  load origin   length   init length attrs members
----------  ----------- ---------- ----------- ----- -------
00000000    00000000    0000cc68   0000cc68    r-x
  00000000    00000000    0000026c   0000026c    r-- .intvecs
  0000026c    0000026c    0000be3c   0000be3c    r-x .text
  0000c0a8    0000c0a8    00000b14   00000b14    r-- .const
  0000cbc0    0000cbc0    000000a8   000000a8    r-- .cinit
20000000    20000000    00001d04   00000000    rw-
  20000000    20000000    00001500   00000000    rw- .stack
  20001500    20001500    0000054b   00000000    rw- .bss
  20001a50    20001a50    000002b4   00000000    rw- .data


SECTION ALLOCATION MAP

 output                                  attributes/
section   page    origin      length       input sections
--------  ----  ----------  ----------   ----------------
.intvecs   0    00000000    0000026c     
                  00000000    0000026c     tm4c1233h6pm_startup_ccs.obj (.intvecs)

.init_array 
*          0    00000000    00000000     UNINITIALIZED

.text      0    0000026c    0000be3c     
                  0000026c    00001c0c     main.obj (.text:main)
                  00001e78    00000ec0     rtsv7M4_T_le_v4SPD16_eabi.lib : _printfi.obj (.text)
                  00002d38    0000090c     Debugger.obj (.text:Debugger_SendPIDData)
                  00003644    0000081c     Interface.obj (.text:AdjustParameter)
                  00003e60    000007f0     Debugger.obj (.text:Debugger_Parser)
                  00004650    00000768     MadgwickAHRS.obj (.text:MadgwickAHRSupdateIMU)
                  00004db8    000005f4     EEPROM.obj (.text:EEPROM_Read)
                  000053ac    00000388     EEPROM.obj (.text:EEPROM_Write)
                  00005734    0000030c     uartstdio.obj (.text:UARTvprintf)
                  00005a40    000002f4     PID.obj (.text:PID_PositionYUpdate)
                  00005d34    000002e4     IMUFilter.obj (.text:AccZ_Filter)
                  00006018    000002a8     PID.obj (.text:PID_PositionXUpdate)
                  000062c0    00000280     Interface.obj (.text:ParameterChange)
                  00006540    00000234     PID.obj (.text:PID_AltitudeUpdate)
                  00006774    00000214     Debugger.obj (.text:Debugger_SendRCData)
                  00006988    00000210     MPU9250.obj (.text:MPU6050_MagCalibration)
                  00006b98    0000020c     Debugger.obj (.text:Debugger_SendSensorData)
                  00006da4    000001f4     rtsv7M4_T_le_v4SPD16_eabi.lib : ull_div_t2.obj (.text)
                  00006f98    000001da     IMUFilter.obj (.text:rotateV)
                  00007172    00000002     tm4c1233h6pm_startup_ccs.obj (.text:FaultISR)
                  00007174    000001d4     Debugger.obj (.text:Debugger_SendMotorData)
                  00007348    000001d4     OLED.obj (.text:OLED_P14x16Str)
                  0000751c    000001d0     Debugger.obj (.text:Debugger_SendStatusData)
                  000076ec    000001c8     PPM_Encoder.obj (.text:PPMEncoder_Update)
                  000078b4    000001bc     PID.obj (.text:PID_AltitudeUpdateSonarFusion)
                  00007a70    000001b6     rtsv7M4_T_le_v4SPD16_eabi.lib : fd_add_t2.obj (.text)
                  00007c26    00000002     tm4c1233h6pm_startup_ccs.obj (.text:IntDefaultHandler)
                  00007c28    0000018c     PPM_Receiver.obj (.text:PPMReveiver_Transform)
                  00007db4    0000018c     rtsv7M4_T_le_v4SPD16_eabi.lib : xatan.obj (.text)
                  00007f40    00000174     OpticalFlow.obj (.text:OpticalFlow_GetMotion)
                  000080b4    00000170     main.obj (.text:Att_Calibration)
                  00008224    00000170     rtsv7M4_T_le_v4SPD16_eabi.lib : xfsin.obj (.text)
                  00008394    00000168     MPU9250.obj (.text:MPU9250_Init)
                  000084fc    00000168     OpticalFlow.obj (.text:OpticalFlow_Init)
                  00008664    00000164     PID.obj (.text:PID_Update)
                  000087c8    0000014c     rtsv7M4_T_le_v4SPD16_eabi.lib : tanf.obj (.text)
                  00008914    00000148                                   : sqrt.obj (.text)
                  00008a5c    00000136                                   : fd_div_t2.obj (.text)
                  00008b92    00000002     tm4c1233h6pm_startup_ccs.obj (.text:NmiSR)
                  00008b94    00000134     PID.obj (.text:PID_Clear)
                  00008cc8    00000130     driverlib.lib : gpio.obj (.text:GPIOPadConfigSet)
                  00008df8    0000012c     Debugger.obj (.text:Debugger_SendAttOffset)
                  00008f24    0000012c     OLED.obj (.text:OLED_Init)
                  00009050    00000124     IMUFilter.obj (.text:Att_Filter)
                  00009174    00000124     Sonar.obj (.text:Sonar_LimitationFilter)
                  00009298    00000124     rtsv7M4_T_le_v4SPD16_eabi.lib : fmodf.obj (.text)
                  000093bc    0000011c                                   : asin.obj (.text)
                  000094d8    00000118     driverlib.lib : sysctl.obj (.text:SysCtlClockGet)
                  000095f0    00000118     rtsv7M4_T_le_v4SPD16_eabi.lib : atan2.obj (.text)
                  00009708    00000114     PPM_Encoder.obj (.text:PPMEncoder_Init)
                  0000981c    00000110     rtsv7M4_T_le_v4SPD16_eabi.lib : xdscale.obj (.text)
                  0000992c    000000fc     MPU9250.obj (.text:MPU6050_GyroCalibration)
                  00009a28    000000fc     rtsv7M4_T_le_v4SPD16_eabi.lib : fd_mul_t2.obj (.text)
                  00009b24    000000f4     Debugger.obj (.text:Debugger_SendSeriesData)
                  00009c18    000000f4     OLED.obj (.text:OLED_P8x16Str)
                  00009d0c    000000f0     driverlib.lib : sysctl.obj (.text:SysCtlClockSet)
                  00009dfc    000000dc     main.obj (.text:Timer4AIntHandler)
                  00009ed8    000000d8     rtsv7M4_T_le_v4SPD16_eabi.lib : atan2f.obj (.text)
                  00009fb0    000000d0     PPM_Receiver.obj (.text:PPMReceiver_Init)
                  0000a080    000000c8     Debugger.obj (.text:Debugger_SendCheck)
                  0000a148    000000c4     driverlib.lib : eeprom.obj (.text:EEPROMProgram)
                  0000a20c    000000c4     rtsv7M4_T_le_v4SPD16_eabi.lib : xdnorm.obj (.text)
                  0000a2d0    000000c0                                   : xfdscale.obj (.text)
                  0000a390    000000b4     main.obj (.text:InitConsole)
                  0000a444    000000b4     Interface.obj (.text:Interface_Init)
                  0000a4f8    000000b4     Debugger.obj (.text:UARTIntHandler)
                  0000a5ac    000000ac     MPU9250.obj (.text:MPU9250_GetGyro)
                  0000a658    000000ac     OLED.obj (.text:OLED_Print)
                  0000a704    000000ac     PPM_Receiver.obj (.text:WTimer1AIntHandler)
                  0000a7b0    000000a8     rtsv7M4_T_le_v4SPD16_eabi.lib : xfatan.obj (.text)
                  0000a858    000000a0     Sonar.obj (.text:Sonar_MedianFilter)
                  0000a8f8    0000009c     rtsv7M4_T_le_v4SPD16_eabi.lib : memcpy_t2.obj (.text)
                  0000a994    00000094                                   : auto_init.obj (.text)
                  0000aa28    00000088     OpticalFlow.obj (.text:ADNS3080_ReadReg)
                  0000aab0    00000088     board.obj (.text:applyDeadbandf)
                  0000ab38    00000086     rtsv7M4_T_le_v4SPD16_eabi.lib : fd_cmp_t2.obj (.text:__aeabi_cdcmple)
                  0000abbe    00000086                                   : fd_cmp_t2.obj (.text:__aeabi_cdrcmple)
                  0000ac44    0000007c     MPU9250.obj (.text:MPU9250_GetAccel)
                  0000acc0    0000007a     rtsv7M4_T_le_v4SPD16_eabi.lib : xfdnorm.obj (.text)
                  0000ad3a    00000002     --HOLE-- [fill = 0]
                  0000ad3c    00000078     MPU9250.obj (.text:MPU9250_ReadReg)
                  0000adb4    00000078     rtsv7M4_T_le_v4SPD16_eabi.lib : memset_t2.obj (.text)
                  0000ae2c    00000074     OpticalFlow.obj (.text:ADNS3080_WriteReg)
                  0000aea0    00000074     OLED.obj (.text:OLED_WrCmd)
                  0000af14    00000074     OLED.obj (.text:OLED_WrDat)
                  0000af88    00000074     uartstdio.obj (.text:UARTStdioConfig)
                  0000affc    00000070     OpticalFlow.obj (.text:OpticalFlow_Distance)
                  0000b06c    00000068     OLED.obj (.text:OLED_Fill)
                  0000b0d4    00000064     rtsv7M4_T_le_v4SPD16_eabi.lib : xdunscal.obj (.text)
                  0000b138    00000062     OLED.obj (.text:OLED_Clear)
                  0000b19a    00000002     --HOLE-- [fill = 0]
                  0000b19c    00000060     driverlib.lib : interrupt.obj (.text:IntEnable)
                  0000b1fc    00000060     MPU9250.obj (.text:MPU9250_SetParameter)
                  0000b25c    00000060     MPU9250.obj (.text:MPU9250_WriteReg)
                  0000b2bc    00000060     MadgwickAHRS.obj (.text:invSqrt)
                  0000b31c    00000060     rtsv7M4_T_le_v4SPD16_eabi.lib : sprintf.obj (.text)
                  0000b37c    0000005e                                   : copy_decompress_rle.obj (.text)
                  0000b3da    00000002     --HOLE-- [fill = 0]
                  0000b3dc    0000005c     driverlib.lib : timer.obj (.text:TimerConfigure)
                  0000b438    0000005c     uartstdio.obj (.text:UARTwrite)
                  0000b494    0000005c     rtsv7M4_T_le_v4SPD16_eabi.lib : fd_toull_t2.obj (.text)
                  0000b4f0    0000005a                                   : ltoa.obj (.text)
                  0000b54a    00000002     --HOLE-- [fill = 0]
                  0000b54c    00000050     driverlib.lib : sysctl.obj (.text:SysCtlPeripheralReset)
                  0000b59c    0000004c     Debugger.obj (.text:UARTTxFIFOIn)
                  0000b5e8    0000004c     rtsv7M4_T_le_v4SPD16_eabi.lib : atoi.obj (.text)
                  0000b634    0000004a                                   : fd_tos_t2.obj (.text)
                  0000b67e    00000002     --HOLE-- [fill = 0]
                  0000b680    00000048     driverlib.lib : gpio.obj (.text:GPIOPinConfigure)
                  0000b6c8    00000048     board.obj (.text:constrainf)
                  0000b710    00000048     rtsv7M4_T_le_v4SPD16_eabi.lib : boot.obj (.text)
                  0000b758    00000048                                   : fd_toi_t2.obj (.text)
                  0000b7a0    00000046     board.obj (.text:applyDeadband)
                  0000b7e6    00000002     --HOLE-- [fill = 0]
                  0000b7e8    00000044     main.obj (.text:TickTock_Init)
                  0000b82c    00000044     rtsv7M4_T_le_v4SPD16_eabi.lib : cpy_tbl.obj (.text)
                  0000b870    00000044                                   : exit.obj (.text)
                  0000b8b4    00000044                                   : xdtest.obj (.text)
                  0000b8f8    00000042     driverlib.lib : ssi.obj (.text:SSIConfigSetExpClk)
                  0000b93a    00000042     rtsv7M4_T_le_v4SPD16_eabi.lib : u_divt2.obj (.text)
                  0000b97c    00000040     driverlib.lib : eeprom.obj (.text:EEPROMInit)
                  0000b9bc    00000040     rtsv7M4_T_le_v4SPD16_eabi.lib : signal.obj (.text)
                  0000b9fc    0000003c     Sonar.obj (.text:Sonar_Trig)
                  0000ba38    0000003c     driverlib.lib : eeprom.obj (.text:_EEPROMSectorMaskSet)
                  0000ba74    0000003a     OLED.obj (.text:OLED_Set_Pos)
                  0000baae    00000002     --HOLE-- [fill = 0]
                  0000bab0    00000038     ClockCounter.obj (.text:ClockCounter_Init)
                  0000bae8    00000038     rtsv7M4_T_le_v4SPD16_eabi.lib : fs_tod_t2.obj (.text)
                  0000bb20    00000036                                   : ull_tofs_t2.obj (.text)
                  0000bb56    00000002     --HOLE-- [fill = 0]
                  0000bb58    00000034     driverlib.lib : eeprom.obj (.text:EEPROMRead)
                  0000bb8c    00000034     MadgwickAHRS.obj (.text:MadgwickAHRSInit)
                  0000bbc0    00000034     driverlib.lib : sysctl.obj (.text:SysCtlPeripheralEnable)
                  0000bbf4    00000034                   : eeprom.obj (.text:_EEPROMSectorMaskClear)
                  0000bc28    00000034     rtsv7M4_T_le_v4SPD16_eabi.lib : feraiseexcept.obj (.text)
                  0000bc5c    00000034                                   : xfdtest.obj (.text)
                  0000bc90    00000030                                   : xferaise.obj (.text)
                  0000bcc0    0000002e                                   : i_tofd_t2.obj (.text)
                  0000bcee    0000002e                                   : raise.obj (.text)
                  0000bd1c    0000002c                                   : ull_tofd_t2.obj (.text)
                  0000bd48    0000002a     driverlib.lib : gpio.obj (.text:GPIODirModeSet)
                  0000bd72    00000028     board.obj (.text:constrain)
                  0000bd9a    00000002     --HOLE-- [fill = 0]
                  0000bd9c    00000024     PID.obj (.text:PID_CleariTerm)
                  0000bdc0    00000024     uartstdio.obj (.text:UARTprintf)
                  0000bde4    00000022     OpticalFlow.obj (.text:delay_us)
                  0000be06    00000020     rtsv7M4_T_le_v4SPD16_eabi.lib : u_tofd_t2.obj (.text)
                  0000be26    0000001c     MPU9250.obj (.text:MPU9250_Delay_nop)
                  0000be42    00000002     --HOLE-- [fill = 0]
                  0000be44    0000001c     Sonar.obj (.text:Sonar_Init)
                  0000be60    0000001c     rtsv7M4_T_le_v4SPD16_eabi.lib : memccpy.obj (.text)
                  0000be7c    00000018     driverlib.lib : gpio.obj (.text:GPIOPinTypeGPIOOutput)
                  0000be94    00000018                   : timer.obj (.text:TimerControlLevel)
                  0000beac    00000018     rtsv7M4_T_le_v4SPD16_eabi.lib : args_main.obj (.text)
                  0000bec4    00000018                                   : ll_mul_t2.obj (.text)
                  0000bedc    00000016     driverlib.lib : timer.obj (.text:TimerValueGet64)
                  0000bef2    00000002     --HOLE-- [fill = 0]
                  0000bef4    00000014     EEPROM.obj (.text:EEPROM_Init)
                  0000bf08    00000014     rtsv7M4_T_le_v4SPD16_eabi.lib : _lock.obj (.text)
                  0000bf1c    00000014                                   : strlen.obj (.text)
                  0000bf30    00000012     driverlib.lib : gpio.obj (.text:GPIOPinTypeGPIOInput)
                  0000bf42    00000012                   : gpio.obj (.text:GPIOPinTypeSSI)
                  0000bf54    00000012                   : gpio.obj (.text:GPIOPinTypeTimer)
                  0000bf66    00000012                   : gpio.obj (.text:GPIOPinTypeUART)
                  0000bf78    00000012     MPU9250.obj (.text:MPU9250_GetMag)
                  0000bf8a    00000012     driverlib.lib : timer.obj (.text:TimerControlEvent)
                  0000bf9c    00000012                   : timer.obj (.text:TimerLoadSet)
                  0000bfae    00000012                   : timer.obj (.text:TimerPrescaleSet)
                  0000bfc0    00000012     rtsv7M4_T_le_v4SPD16_eabi.lib : copy_zero_init.obj (.text:decompress:ZI)
                  0000bfd2    00000012                                   : xdclass.obj (.text)
                  0000bfe4    00000010     driverlib.lib : eeprom.obj (.text:_EEPROMWaitForDone)
                  0000bff4    0000000e                   : timer.obj (.text:TimerEnable)
                  0000c002    0000000e     rtsv7M4_T_le_v4SPD16_eabi.lib : copy_decompress_none.obj (.text:decompress:none)
                  0000c010    0000000c     driverlib.lib : cpu.obj (.text:CPUcpsie)
                  0000c01c    0000000c                   : ssi.obj (.text:SSIDataGet)
                  0000c028    0000000a                   : interrupt.obj (.text:IntMasterEnable)
                  0000c032    0000000a                   : ssi.obj (.text:SSIDataPut)
                  0000c03c    0000000a                   : ssi.obj (.text:SSIEnable)
                  0000c046    0000000a                   : timer.obj (.text:TimerValueGet)
                  0000c050    0000000a                   : uart.obj (.text:UARTFIFODisable)
                  0000c05a    00000008                   : ssi.obj (.text:SSIBusy)
                  0000c062    00000008                   : timer.obj (.text:TimerIntEnable)
                  0000c06a    00000008                   : timer.obj (.text:TimerLoadSet64)
                  0000c072    00000008                   : uart.obj (.text:UARTIntEnable)
                  0000c07a    00000006                   : gpio.obj (.text:GPIOPinRead)
                  0000c080    00000006                   : gpio.obj (.text:GPIOPinWrite)
                  0000c086    00000006     tm4c1233h6pm_startup_ccs.obj (.text:ResetISR)
                  0000c08c    00000006     driverlib.lib : sysctl.obj (.text:SysCtlDelay)
                  0000c092    00000006     rtsv7M4_T_le_v4SPD16_eabi.lib : copy_decompress_rle.obj (.text:decompress:rle24)
                  0000c098    00000006                                   : cosf.obj (.text)
                  0000c09e    00000006                                   : sinf.obj (.text)
                  0000c0a4    00000004     driverlib.lib : timer.obj (.text:TimerIntClear)

.const     0    0000c0a8    00000b14     
                  0000c0a8    000005f0     OLED.obj (.const:.string:F8X16)
                  0000c698    00000102     rtsv7M4_T_le_v4SPD16_eabi.lib : ctype.obj (.const:.string:_ctypes_)
                  0000c79a    00000096     Interface.obj (.const:$P$T0$1)
                  0000c830    00000090     driverlib.lib : gpio.obj (.const:g_pui32GPIOBaseAddrs)
                  0000c8c0    00000088     rtsv7M4_T_le_v4SPD16_eabi.lib : xatan.obj (.const)
                  0000c948    00000070     MPU9250.obj (.const:$P$T0$1)
                  0000c9b8    00000070     OLED.obj (.const:.string:F14x16)
                  0000ca28    00000070     driverlib.lib : interrupt.obj (.const)
                  0000ca98    0000006c                   : sysctl.obj (.const:g_pui32Xtals)
                  0000cb04    00000034     rtsv7M4_T_le_v4SPD16_eabi.lib : xfatan.obj (.const)
                  0000cb38    00000028                                   : xfsin.obj (.const)
                  0000cb60    0000001c                                   : tanf.obj (.const)
                  0000cb7c    0000001c     uartstdio.obj (.const)
                  0000cb98    00000012     uartstdio.obj (.const:.string)
                  0000cbaa    0000000c     OLED.obj (.const:.string)
                  0000cbb6    00000002     --HOLE-- [fill = 0]
                  0000cbb8    00000004     PPM_Encoder.obj (.const)

.cinit     0    0000cbc0    000000a8     
                  0000cbc0    00000081     (.cinit..data.load) [load image, compression = rle]
                  0000cc41    00000003     --HOLE-- [fill = 0]
                  0000cc44    0000000c     (__TI_handler_table)
                  0000cc50    00000008     (.cinit..bss.load) [load image, compression = zero_init]
                  0000cc58    00000010     (__TI_cinit_table)

.stack     0    20000000    00001500     UNINITIALIZED
                  20000000    00001500     --HOLE--

.bss       0    20001500    0000054b     UNINITIALIZED
                  20001500    00000194     Debugger.obj (.bss:UARTTxFIFO)
                  20001694    00000034     Debugger.obj (.bss:Debugger_RxFIFO)
                  200016c8    00000034     Debugger.obj (.bss:Debugger_TxFIFO)
                  200016fc    00000030     OpticalFlow.obj (.bss:OpticalFlow)
                  2000172c    00000020     (.common:PID_Altitude)
                  2000174c    00000020     (.common:PID_Attenuation)
                  2000176c    00000020     (.common:PID_AttenuationReal)
                  2000178c    00000020     (.common:PID_Pitch)
                  200017ac    00000020     (.common:PID_PosX)
                  200017cc    00000020     (.common:PID_PosY)
                  200017ec    00000020     (.common:PID_Roll)
                  2000180c    00000020     (.common:PID_Yaw)
                  2000182c    00000014     (.common:rxCommand)
                  20001840    00000010     (.common:AttFilter)
                  20001850    00000010     (.common:AttFilter2)
                  20001860    00000010     (.common:GyroSum)
                  20001870    00000010     (.common:Motor)
                  20001880    0000000c     (.common:AccXFilter)
                  2000188c    0000000c     (.common:AccYFilter)
                  20001898    0000000c     (.common:AccZFilter)
                  200018a4    0000000c     (.common:Accel)
                  200018b0    0000000c     (.common:Accel_Offset)
                  200018bc    0000000c     (.common:Att)
                  200018c8    0000000c     (.common:Att_Offset)
                  200018d4    0000000c     (.common:Gyro)
                  200018e0    0000000c     (.common:Gyro_Offset)
                  200018ec    0000000c     (.common:Mag)
                  200018f8    0000000c     (.common:axisPID)
                  20001904    00000008     (.common:attLPF$3)
                  2000190c    00000004     (.common:Altitude)
                  20001910    00000008     (.common:beginTime)
                  20001918    00000008     (.common:deltaTime1000Hz)
                  20001920    00000008     (.common:deltaTime100Hz)
                  20001928    00000008     (.common:deltaTime10Hz)
                  20001930    00000008     (.common:deltaTime1Hz)
                  20001938    00000008     (.common:deltaTime200Hz)
                  20001940    00000008     (.common:deltaTime500Hz)
                  20001948    00000008     (.common:deltaTime50Hz)
                  20001950    00000008     (.common:deltaTime5Hz)
                  20001958    00000008     (.common:executionTime1000Hz)
                  20001960    00000008     (.common:executionTime100Hz)
                  20001968    00000008     (.common:executionTime10Hz)
                  20001970    00000008     (.common:executionTime1Hz)
                  20001978    00000008     (.common:executionTime200Hz)
                  20001980    00000008     (.common:executionTime500Hz)
                  20001988    00000008     (.common:executionTime50Hz)
                  20001990    00000008     (.common:executionTime5Hz)
                  20001998    00000008     (.common:previousTime1000Hz)
                  200019a0    00000008     (.common:previousTime100Hz)
                  200019a8    00000008     (.common:previousTime10Hz)
                  200019b0    00000008     (.common:previousTime1Hz)
                  200019b8    00000008     (.common:previousTime200Hz)
                  200019c0    00000008     (.common:previousTime500Hz)
                  200019c8    00000008     (.common:previousTime50Hz)
                  200019d0    00000008     (.common:previousTime5Hz)
                  200019d8    00000004     (.common:AltitudeNotAvailableCount)
                  200019dc    00000004     (.common:AltitudeThrottle)
                  200019e0    00000004     (.common:Altitude_RAW)
                  200019e4    00000004     (.common:CPUUsage)
                  200019e8    00000004     (.common:MagAngle)
                  200019ec    00000004     (.common:PPM_Period)
                  200019f0    00000004     (.common:PointAng)
                  200019f4    00000004     (.common:PointDis)
                  200019f8    00000004     (.common:Throttle)
                  200019fc    00000004     (.common:Xb)
                  20001a00    00000004     (.common:Xmax)
                  20001a04    00000004     (.common:Xmin)
                  20001a08    00000004     (.common:Xs)
                  20001a0c    00000004     (.common:Yb)
                  20001a10    00000004     (.common:Ymax)
                  20001a14    00000004     (.common:Ymin)
                  20001a18    00000004     (.common:Ys)
                  20001a1c    00000004     (.common:conv_factor)
                  20001a20    00000004     (.common:lastsonarAlt$2)
                  20001a24    00000004     (.common:radians_to_pixels)
                  20001a28    00000004     (.common:setPitch)
                  20001a2c    00000004     (.common:setRoll)
                  20001a30    00000004     (.common:sonarVario)
                  20001a34    00000004     (.common:sumTime)
                  20001a38    00000001     (.common:Acc_CalFlag)
                  20001a39    00000001     (.common:Debugger_ParserFlag)
                  20001a3a    00000001     (.common:Debugger_SendPIDDataFlag)
                  20001a3b    00000001     (.common:Debugger_lastData)
                  20001a3c    00000001     (.common:Debugger_receiveData)
                  20001a3d    00000001     (.common:Flight)
                  20001a3e    00000001     (.common:Gyro_CalFlag)
                  20001a3f    00000001     (.common:Mag_CalFlag)
                  20001a40    00000001     (.common:Mode)
                  20001a41    00000001     (.common:UARTTxFIFO_Head)
                  20001a42    00000001     (.common:UARTTxFIFO_Tail)
                  20001a43    00000001     (.common:Update_1000Hz)
                  20001a44    00000001     (.common:Update_100Hz)
                  20001a45    00000001     (.common:Update_10Hz)
                  20001a46    00000001     (.common:Update_1Hz)
                  20001a47    00000001     (.common:Update_200Hz)
                  20001a48    00000001     (.common:Update_500Hz)
                  20001a49    00000001     (.common:Update_50Hz)
                  20001a4a    00000001     (.common:Update_5Hz)

.data      0    20001a50    000002b4     UNINITIALIZED
                  20001a50    000000b0     rtsv7M4_T_le_v4SPD16_eabi.lib : signal.obj (.data:sigtable)
                  20001b00    00000080                                   : xvalues.obj (.data)
                  20001b80    00000068                                   : xfvalues.obj (.data)
                  20001be8    00000050     PPM_Receiver.obj (.data)
                  20001c38    00000040     main.obj (.data)
                  20001c78    00000028     PID.obj (.data)
                  20001ca0    00000018     IMUFilter.obj (.data)
                  20001cb8    00000014     MadgwickAHRS.obj (.data)
                  20001ccc    00000010     Sonar.obj (.data)
                  20001cdc    00000008     rtsv7M4_T_le_v4SPD16_eabi.lib : _lock.obj (.data)
                  20001ce4    00000008                                   : exit.obj (.data)
                  20001cec    00000008                                   : feraiseexcept.obj (.data)
                  20001cf4    00000005     uartstdio.obj (.data)
                  20001cf9    00000001     Debugger.obj (.data)
                  20001cfa    00000002     --HOLE--
                  20001cfc    00000004     rtsv7M4_T_le_v4SPD16_eabi.lib : errno.obj (.data)
                  20001d00    00000004                                   : stkdepth_vars.obj (.data)


LINKER GENERATED COPY TABLES

__TI_cinit_table @ 0000cc58 records: 2, size/record: 8, table size: 16
	.data: load addr=0000cbc0, load size=00000081 bytes, run addr=20001a50, run size=000002b4 bytes, compression=rle
	.bss: load addr=0000cc50, load size=00000008 bytes, run addr=20001500, run size=0000054b bytes, compression=zero_init


LINKER GENERATED HANDLER TABLE

__TI_handler_table @ 0000cc44 records: 3, size/record: 4, table size: 12
	index: 0, handler: __TI_decompress_rle24
	index: 1, handler: __TI_decompress_none
	index: 2, handler: __TI_zero_init


GLOBAL SYMBOLS: SORTED ALPHABETICALLY BY Name 

address    name
--------   ----
0000aa29   ADNS3080_ReadReg
0000ae2d   ADNS3080_WriteReg
20001880   AccXFilter
2000188c   AccYFilter
20001898   AccZFilter
00005d35   AccZ_Filter
20001a38   Acc_CalFlag
200018a4   Accel
200018b0   Accel_Offset
00003645   AdjustParameter
2000190c   Altitude
20001c3a   AltitudeHold
200019d8   AltitudeNotAvailableCount
20001c40   AltitudeSet
20001c44   AltitudeSetRaw
200019dc   AltitudeThrottle
200019e0   Altitude_RAW
200018bc   Att
20001840   AttFilter
20001850   AttFilter2
000080b5   Att_Calibration
20001c39   Att_CalibrationMode
00009051   Att_Filter
200018c8   Att_Offset
0000b871   C$$EXIT
200019e4   CPUUsage
0000c011   CPUcpsie
0000bab1   ClockCounter_Init
00003e61   Debugger_Parser
20001a39   Debugger_ParserFlag
20001694   Debugger_RxFIFO
20001cf9   Debugger_RxFIFOCount
00008df9   Debugger_SendAttOffset
0000a081   Debugger_SendCheck
00007175   Debugger_SendMotorData
00002d39   Debugger_SendPIDData
20001a3a   Debugger_SendPIDDataFlag
00006775   Debugger_SendRCData
00006b99   Debugger_SendSensorData
00009b25   Debugger_SendSeriesData
0000751d   Debugger_SendStatusData
200016c8   Debugger_TxFIFO
20001a3b   Debugger_lastData
20001a3c   Debugger_receiveData
0000b97d   EEPROMInit
0000a149   EEPROMProgram
0000bb59   EEPROMRead
0000bef5   EEPROM_Init
00004db9   EEPROM_Read
000053ad   EEPROM_Write
0000c9b8   F14x16
0000cbaa   F14x16_Idx
0000c0a8   F8X16
20001a3d   Flight
0000bd49   GPIODirModeSet
00008cc9   GPIOPadConfigSet
0000b681   GPIOPinConfigure
0000c07b   GPIOPinRead
0000bf31   GPIOPinTypeGPIOInput
0000be7d   GPIOPinTypeGPIOOutput
0000bf43   GPIOPinTypeSSI
0000bf55   GPIOPinTypeTimer
0000bf67   GPIOPinTypeUART
0000c081   GPIOPinWrite
200018d4   Gyro
20001860   GyroSum
20001a3e   Gyro_CalFlag
200018e0   Gyro_Offset
0000a391   InitConsole
0000b19d   IntEnable
0000c029   IntMasterEnable
0000a445   Interface_Init
0000992d   MPU6050_GyroCalibration
00006989   MPU6050_MagCalibration
0000be27   MPU9250_Delay_nop
0000ac45   MPU9250_GetAccel
0000a5ad   MPU9250_GetGyro
0000bf79   MPU9250_GetMag
00008395   MPU9250_Init
0000ad3d   MPU9250_ReadReg
0000b1fd   MPU9250_SetParameter
0000b25d   MPU9250_WriteReg
0000bb8d   MadgwickAHRSInit
00004651   MadgwickAHRSupdateIMU
200018ec   Mag
200019e8   MagAngle
20001a3f   Mag_CalFlag
20001a40   Mode
20001c58   ModeCount
20001c5a   ModeFourActivator
20001870   Motor
0000b139   OLED_Clear
0000b06d   OLED_Fill
00008f25   OLED_Init
00007349   OLED_P14x16Str
00009c19   OLED_P8x16Str
0000a659   OLED_Print
0000ba75   OLED_Set_Pos
0000aea1   OLED_WrCmd
0000af15   OLED_WrDat
200016fc   OpticalFlow
0000affd   OpticalFlow_Distance
00007f41   OpticalFlow_GetMotion
000084fd   OpticalFlow_Init
2000172c   PID_Altitude
00006541   PID_AltitudeUpdate
000078b5   PID_AltitudeUpdateSonarFusion
2000174c   PID_Attenuation
2000176c   PID_AttenuationReal
00008b95   PID_Clear
0000bd9d   PID_CleariTerm
2000178c   PID_Pitch
200017ac   PID_PosX
200017cc   PID_PosY
00006019   PID_PositionXUpdate
00005a41   PID_PositionYUpdate
200017ec   PID_Roll
00008665   PID_Update
2000180c   PID_Yaw
00009709   PPMEncoder_Init
000076ed   PPMEncoder_Update
00009fb1   PPMReceiver_Init
00007c29   PPMReveiver_Transform
200019ec   PPM_Period
000062c1   ParameterChange
200019f0   PointAng
200019f4   PointDis
20001c3b   PositionHold
0000c087   ResetISR
UNDEFED    SHT$$INIT_ARRAY$$Base
UNDEFED    SHT$$INIT_ARRAY$$Limit
0000c05b   SSIBusy
0000b8f9   SSIConfigSetExpClk
0000c01d   SSIDataGet
0000c033   SSIDataPut
0000c03d   SSIEnable
0000be45   Sonar_Init
00009175   Sonar_LimitationFilter
0000a859   Sonar_MedianFilter
0000b9fd   Sonar_Trig
000094d9   SysCtlClockGet
00009d0d   SysCtlClockSet
0000c08d   SysCtlDelay
0000bbc1   SysCtlPeripheralEnable
0000b54d   SysCtlPeripheralReset
0000cbb8   T
200019f8   Throttle
0000b7e9   TickTock_Init
20001be8   Timer2A_MatchValue
20001bec   Timer2A_deltaMatchValue
20001bf0   Timer2B_MatchValue
20001bf4   Timer2B_deltaMatchValue
20001bf8   Timer3A_MatchValue
20001bfc   Timer3A_deltaMatchValue
20001c00   Timer3B_MatchValue
20001c04   Timer3B_deltaMatchValue
00009dfd   Timer4AIntHandler
0000b3dd   TimerConfigure
0000bf8b   TimerControlEvent
0000be95   TimerControlLevel
0000bff5   TimerEnable
0000c0a5   TimerIntClear
0000c063   TimerIntEnable
0000bf9d   TimerLoadSet
0000c06b   TimerLoadSet64
0000bfaf   TimerPrescaleSet
0000c047   TimerValueGet
0000bedd   TimerValueGet64
0000c051   UARTFIFODisable
0000c073   UARTIntEnable
0000a4f9   UARTIntHandler
0000af89   UARTStdioConfig
20001500   UARTTxFIFO
0000b59d   UARTTxFIFOIn
20001a41   UARTTxFIFO_Head
20001a42   UARTTxFIFO_Tail
0000bdc1   UARTprintf
00005735   UARTvprintf
0000b439   UARTwrite
20001a43   Update_1000Hz
20001a44   Update_100Hz
20001a45   Update_10Hz
20001a46   Update_1Hz
20001a47   Update_200Hz
20001a48   Update_500Hz
20001a49   Update_50Hz
20001a4a   Update_5Hz
20001c88   VelX
20001c90   VelY
20001c78   Velz
0000a705   WTimer1AIntHandler
20001c08   WTimer1A_MatchValue
20001c0c   WTimer1A_deltaMatchValue
20001c10   WTimer1B_MatchValue
20001c14   WTimer1B_deltaMatchValue
200019fc   Xb
20001a00   Xmax
20001a04   Xmin
20001a08   Xs
20001a0c   Yb
20001a10   Ymax
20001a14   Ymin
20001a18   Ys
00007db5   _Atan
0000bfd3   _Dclass
20001b00   _Denorm
0000a20d   _Dnorm
0000981d   _Dscale
0000b8b5   _Dtest
0000b0d5   _Dunscale
20001b10   _Eps
20001cfc   _Errno
0000a7b1   _FAtan
20001b80   _FDenorm
0000acc1   _FDnorm
0000a2d1   _FDscale
0000bc5d   _FDtest
20001b90   _FEps
20001ba0   _FInf
20001bb0   _FNan
20001bd0   _FRteps
00008225   _FSin
20001bc0   _FSnan
20001be0   _FXbig
20001be4   _FZero
20001cec   _Fenv
0000bc91   _Feraise
20001b20   _Hugeval
20001b30   _Inf
20001b40   _Nan
20001b60   _Rteps
20001b50   _Snan
20001cf0   _Tls_setup__Fenv
20001b70   _Xbig
20001b78   _Zero
20001500   __STACK_END
00001500   __STACK_SIZE
20000200   __STACK_TOP
0000cc58   __TI_CINIT_Base
0000cc68   __TI_CINIT_Limit
0000cc44   __TI_Handler_Table_Base
0000cc50   __TI_Handler_Table_Limit
00000001   __TI_args_main
0000a995   __TI_auto_init
20001ce4   __TI_cleanup_ptr
0000c003   __TI_decompress_none
0000c093   __TI_decompress_rle24
20001ce8   __TI_dtors_ptr
00002a2f   __TI_printfi
00000000   __TI_static_base__
0000bfc1   __TI_zero_init
0000ab39   __aeabi_cdcmpeq
0000ab39   __aeabi_cdcmple
0000abbf   __aeabi_cdrcmple
0000b635   __aeabi_d2f
0000b759   __aeabi_d2iz
0000b495   __aeabi_d2ulz
00007a7b   __aeabi_dadd
00008a5d   __aeabi_ddiv
00009a29   __aeabi_dmul
00007a71   __aeabi_dsub
0000bae9   __aeabi_f2d
0000bcc1   __aeabi_i2d
0000bec5   __aeabi_lmul
0000adb5   __aeabi_memclr
0000adb5   __aeabi_memclr4
0000adb5   __aeabi_memclr8
0000a8f9   __aeabi_memcpy
0000a8f9   __aeabi_memcpy4
0000a8f9   __aeabi_memcpy8
0000adb7   __aeabi_memset
0000adb7   __aeabi_memset4
0000adb7   __aeabi_memset8
0000be07   __aeabi_ui2d
0000b93b   __aeabi_uidivmod
0000bd1d   __aeabi_ul2d
0000bb21   __aeabi_ul2f
00006da5   __aeabi_uldivmod
ffffffff   __binit__
ffffffff   __c_args__
20000000   __stack
0000bead   _args_main
0000b711   _c_int00
0000c698   _ctypes_
20001cdc   _lock
0000bf17   _nop
0000bf0f   _register_lock
0000bf09   _register_unlock
20001ce0   _unlock
0000b875   abort
20001c7c   accAltz
20001c8c   accPosX
20001c94   accPosY
0000b7a1   applyDeadband
0000aab1   applyDeadbandf
20001c38   armed
000093bd   asin
000095f1   atan2
00009ed9   atan2f
0000b5e9   atoi
200018f8   axisPID
20001910   beginTime
20001cb8   beta
ffffffff   binit
0000bd73   constrain
0000b6c9   constrainf
20001a1c   conv_factor
0000b82d   copy_in
0000c099   cosf
0000bde5   delay_us
20001918   deltaTime1000Hz
20001920   deltaTime100Hz
20001928   deltaTime10Hz
20001930   deltaTime1Hz
20001938   deltaTime200Hz
20001940   deltaTime500Hz
20001948   deltaTime50Hz
20001950   deltaTime5Hz
20001958   executionTime1000Hz
20001960   executionTime100Hz
20001968   executionTime10Hz
20001970   executionTime1Hz
20001978   executionTime200Hz
20001980   executionTime500Hz
20001988   executionTime50Hz
20001990   executionTime5Hz
0000b87d   exit
0000bc29   feraiseexcept
00009299   fmodf
00000000   g_pfnVectors
0000b2bd   invSqrt
20001c3c   launching
0000b4f1   ltoa
0000026d   main
20001d00   main_func_sp
0000be61   memccpy
0000a8f9   memcpy
0000adbd   memset
20001998   previousTime1000Hz
200019a0   previousTime100Hz
200019a8   previousTime10Hz
200019b0   previousTime1Hz
200019b8   previousTime200Hz
200019c0   previousTime500Hz
200019c8   previousTime50Hz
200019d0   previousTime5Hz
20001cbc   q0
20001cc0   q1
20001cc4   q2
20001cc8   q3
20001a24   radians_to_pixels
0000bcef   raise
20001c50   ready_setPosX
20001c54   ready_setPosY
00006f99   rotateV
20001c18   rxChannel_RAW
2000182c   rxCommand
20001a28   setPitch
20001c48   setPosX
20001c4c   setPosY
20001a2c   setRoll
0000b9bd   signal
0000c09f   sinf
20001c84   sonarAlt
20001a30   sonarVario
20001c80   sonarVel
0000b31d   sprintf
00008915   sqrt
0000bf1d   strlen
20001a34   sumTime
000087c9   tanf


GLOBAL SYMBOLS: SORTED BY Symbol Address 

address    name
--------   ----
00000000   __TI_static_base__
00000000   g_pfnVectors
00000001   __TI_args_main
0000026d   main
00001500   __STACK_SIZE
00002a2f   __TI_printfi
00002d39   Debugger_SendPIDData
00003645   AdjustParameter
00003e61   Debugger_Parser
00004651   MadgwickAHRSupdateIMU
00004db9   EEPROM_Read
000053ad   EEPROM_Write
00005735   UARTvprintf
00005a41   PID_PositionYUpdate
00005d35   AccZ_Filter
00006019   PID_PositionXUpdate
000062c1   ParameterChange
00006541   PID_AltitudeUpdate
00006775   Debugger_SendRCData
00006989   MPU6050_MagCalibration
00006b99   Debugger_SendSensorData
00006da5   __aeabi_uldivmod
00006f99   rotateV
00007175   Debugger_SendMotorData
00007349   OLED_P14x16Str
0000751d   Debugger_SendStatusData
000076ed   PPMEncoder_Update
000078b5   PID_AltitudeUpdateSonarFusion
00007a71   __aeabi_dsub
00007a7b   __aeabi_dadd
00007c29   PPMReveiver_Transform
00007db5   _Atan
00007f41   OpticalFlow_GetMotion
000080b5   Att_Calibration
00008225   _FSin
00008395   MPU9250_Init
000084fd   OpticalFlow_Init
00008665   PID_Update
000087c9   tanf
00008915   sqrt
00008a5d   __aeabi_ddiv
00008b95   PID_Clear
00008cc9   GPIOPadConfigSet
00008df9   Debugger_SendAttOffset
00008f25   OLED_Init
00009051   Att_Filter
00009175   Sonar_LimitationFilter
00009299   fmodf
000093bd   asin
000094d9   SysCtlClockGet
000095f1   atan2
00009709   PPMEncoder_Init
0000981d   _Dscale
0000992d   MPU6050_GyroCalibration
00009a29   __aeabi_dmul
00009b25   Debugger_SendSeriesData
00009c19   OLED_P8x16Str
00009d0d   SysCtlClockSet
00009dfd   Timer4AIntHandler
00009ed9   atan2f
00009fb1   PPMReceiver_Init
0000a081   Debugger_SendCheck
0000a149   EEPROMProgram
0000a20d   _Dnorm
0000a2d1   _FDscale
0000a391   InitConsole
0000a445   Interface_Init
0000a4f9   UARTIntHandler
0000a5ad   MPU9250_GetGyro
0000a659   OLED_Print
0000a705   WTimer1AIntHandler
0000a7b1   _FAtan
0000a859   Sonar_MedianFilter
0000a8f9   __aeabi_memcpy
0000a8f9   __aeabi_memcpy4
0000a8f9   __aeabi_memcpy8
0000a8f9   memcpy
0000a995   __TI_auto_init
0000aa29   ADNS3080_ReadReg
0000aab1   applyDeadbandf
0000ab39   __aeabi_cdcmpeq
0000ab39   __aeabi_cdcmple
0000abbf   __aeabi_cdrcmple
0000ac45   MPU9250_GetAccel
0000acc1   _FDnorm
0000ad3d   MPU9250_ReadReg
0000adb5   __aeabi_memclr
0000adb5   __aeabi_memclr4
0000adb5   __aeabi_memclr8
0000adb7   __aeabi_memset
0000adb7   __aeabi_memset4
0000adb7   __aeabi_memset8
0000adbd   memset
0000ae2d   ADNS3080_WriteReg
0000aea1   OLED_WrCmd
0000af15   OLED_WrDat
0000af89   UARTStdioConfig
0000affd   OpticalFlow_Distance
0000b06d   OLED_Fill
0000b0d5   _Dunscale
0000b139   OLED_Clear
0000b19d   IntEnable
0000b1fd   MPU9250_SetParameter
0000b25d   MPU9250_WriteReg
0000b2bd   invSqrt
0000b31d   sprintf
0000b3dd   TimerConfigure
0000b439   UARTwrite
0000b495   __aeabi_d2ulz
0000b4f1   ltoa
0000b54d   SysCtlPeripheralReset
0000b59d   UARTTxFIFOIn
0000b5e9   atoi
0000b635   __aeabi_d2f
0000b681   GPIOPinConfigure
0000b6c9   constrainf
0000b711   _c_int00
0000b759   __aeabi_d2iz
0000b7a1   applyDeadband
0000b7e9   TickTock_Init
0000b82d   copy_in
0000b871   C$$EXIT
0000b875   abort
0000b87d   exit
0000b8b5   _Dtest
0000b8f9   SSIConfigSetExpClk
0000b93b   __aeabi_uidivmod
0000b97d   EEPROMInit
0000b9bd   signal
0000b9fd   Sonar_Trig
0000ba75   OLED_Set_Pos
0000bab1   ClockCounter_Init
0000bae9   __aeabi_f2d
0000bb21   __aeabi_ul2f
0000bb59   EEPROMRead
0000bb8d   MadgwickAHRSInit
0000bbc1   SysCtlPeripheralEnable
0000bc29   feraiseexcept
0000bc5d   _FDtest
0000bc91   _Feraise
0000bcc1   __aeabi_i2d
0000bcef   raise
0000bd1d   __aeabi_ul2d
0000bd49   GPIODirModeSet
0000bd73   constrain
0000bd9d   PID_CleariTerm
0000bdc1   UARTprintf
0000bde5   delay_us
0000be07   __aeabi_ui2d
0000be27   MPU9250_Delay_nop
0000be45   Sonar_Init
0000be61   memccpy
0000be7d   GPIOPinTypeGPIOOutput
0000be95   TimerControlLevel
0000bead   _args_main
0000bec5   __aeabi_lmul
0000bedd   TimerValueGet64
0000bef5   EEPROM_Init
0000bf09   _register_unlock
0000bf0f   _register_lock
0000bf17   _nop
0000bf1d   strlen
0000bf31   GPIOPinTypeGPIOInput
0000bf43   GPIOPinTypeSSI
0000bf55   GPIOPinTypeTimer
0000bf67   GPIOPinTypeUART
0000bf79   MPU9250_GetMag
0000bf8b   TimerControlEvent
0000bf9d   TimerLoadSet
0000bfaf   TimerPrescaleSet
0000bfc1   __TI_zero_init
0000bfd3   _Dclass
0000bff5   TimerEnable
0000c003   __TI_decompress_none
0000c011   CPUcpsie
0000c01d   SSIDataGet
0000c029   IntMasterEnable
0000c033   SSIDataPut
0000c03d   SSIEnable
0000c047   TimerValueGet
0000c051   UARTFIFODisable
0000c05b   SSIBusy
0000c063   TimerIntEnable
0000c06b   TimerLoadSet64
0000c073   UARTIntEnable
0000c07b   GPIOPinRead
0000c081   GPIOPinWrite
0000c087   ResetISR
0000c08d   SysCtlDelay
0000c093   __TI_decompress_rle24
0000c099   cosf
0000c09f   sinf
0000c0a5   TimerIntClear
0000c0a8   F8X16
0000c698   _ctypes_
0000c9b8   F14x16
0000cbaa   F14x16_Idx
0000cbb8   T
0000cc44   __TI_Handler_Table_Base
0000cc50   __TI_Handler_Table_Limit
0000cc58   __TI_CINIT_Base
0000cc68   __TI_CINIT_Limit
20000000   __stack
20000200   __STACK_TOP
20001500   UARTTxFIFO
20001500   __STACK_END
20001694   Debugger_RxFIFO
200016c8   Debugger_TxFIFO
200016fc   OpticalFlow
2000172c   PID_Altitude
2000174c   PID_Attenuation
2000176c   PID_AttenuationReal
2000178c   PID_Pitch
200017ac   PID_PosX
200017cc   PID_PosY
200017ec   PID_Roll
2000180c   PID_Yaw
2000182c   rxCommand
20001840   AttFilter
20001850   AttFilter2
20001860   GyroSum
20001870   Motor
20001880   AccXFilter
2000188c   AccYFilter
20001898   AccZFilter
200018a4   Accel
200018b0   Accel_Offset
200018bc   Att
200018c8   Att_Offset
200018d4   Gyro
200018e0   Gyro_Offset
200018ec   Mag
200018f8   axisPID
2000190c   Altitude
20001910   beginTime
20001918   deltaTime1000Hz
20001920   deltaTime100Hz
20001928   deltaTime10Hz
20001930   deltaTime1Hz
20001938   deltaTime200Hz
20001940   deltaTime500Hz
20001948   deltaTime50Hz
20001950   deltaTime5Hz
20001958   executionTime1000Hz
20001960   executionTime100Hz
20001968   executionTime10Hz
20001970   executionTime1Hz
20001978   executionTime200Hz
20001980   executionTime500Hz
20001988   executionTime50Hz
20001990   executionTime5Hz
20001998   previousTime1000Hz
200019a0   previousTime100Hz
200019a8   previousTime10Hz
200019b0   previousTime1Hz
200019b8   previousTime200Hz
200019c0   previousTime500Hz
200019c8   previousTime50Hz
200019d0   previousTime5Hz
200019d8   AltitudeNotAvailableCount
200019dc   AltitudeThrottle
200019e0   Altitude_RAW
200019e4   CPUUsage
200019e8   MagAngle
200019ec   PPM_Period
200019f0   PointAng
200019f4   PointDis
200019f8   Throttle
200019fc   Xb
20001a00   Xmax
20001a04   Xmin
20001a08   Xs
20001a0c   Yb
20001a10   Ymax
20001a14   Ymin
20001a18   Ys
20001a1c   conv_factor
20001a24   radians_to_pixels
20001a28   setPitch
20001a2c   setRoll
20001a30   sonarVario
20001a34   sumTime
20001a38   Acc_CalFlag
20001a39   Debugger_ParserFlag
20001a3a   Debugger_SendPIDDataFlag
20001a3b   Debugger_lastData
20001a3c   Debugger_receiveData
20001a3d   Flight
20001a3e   Gyro_CalFlag
20001a3f   Mag_CalFlag
20001a40   Mode
20001a41   UARTTxFIFO_Head
20001a42   UARTTxFIFO_Tail
20001a43   Update_1000Hz
20001a44   Update_100Hz
20001a45   Update_10Hz
20001a46   Update_1Hz
20001a47   Update_200Hz
20001a48   Update_500Hz
20001a49   Update_50Hz
20001a4a   Update_5Hz
20001b00   _Denorm
20001b10   _Eps
20001b20   _Hugeval
20001b30   _Inf
20001b40   _Nan
20001b50   _Snan
20001b60   _Rteps
20001b70   _Xbig
20001b78   _Zero
20001b80   _FDenorm
20001b90   _FEps
20001ba0   _FInf
20001bb0   _FNan
20001bc0   _FSnan
20001bd0   _FRteps
20001be0   _FXbig
20001be4   _FZero
20001be8   Timer2A_MatchValue
20001bec   Timer2A_deltaMatchValue
20001bf0   Timer2B_MatchValue
20001bf4   Timer2B_deltaMatchValue
20001bf8   Timer3A_MatchValue
20001bfc   Timer3A_deltaMatchValue
20001c00   Timer3B_MatchValue
20001c04   Timer3B_deltaMatchValue
20001c08   WTimer1A_MatchValue
20001c0c   WTimer1A_deltaMatchValue
20001c10   WTimer1B_MatchValue
20001c14   WTimer1B_deltaMatchValue
20001c18   rxChannel_RAW
20001c38   armed
20001c39   Att_CalibrationMode
20001c3a   AltitudeHold
20001c3b   PositionHold
20001c3c   launching
20001c40   AltitudeSet
20001c44   AltitudeSetRaw
20001c48   setPosX
20001c4c   setPosY
20001c50   ready_setPosX
20001c54   ready_setPosY
20001c58   ModeCount
20001c5a   ModeFourActivator
20001c78   Velz
20001c7c   accAltz
20001c80   sonarVel
20001c84   sonarAlt
20001c88   VelX
20001c8c   accPosX
20001c90   VelY
20001c94   accPosY
20001cb8   beta
20001cbc   q0
20001cc0   q1
20001cc4   q2
20001cc8   q3
20001cdc   _lock
20001ce0   _unlock
20001ce4   __TI_cleanup_ptr
20001ce8   __TI_dtors_ptr
20001cec   _Fenv
20001cf0   _Tls_setup__Fenv
20001cf9   Debugger_RxFIFOCount
20001cfc   _Errno
20001d00   main_func_sp
ffffffff   __binit__
ffffffff   __c_args__
ffffffff   binit
UNDEFED    SHT$$INIT_ARRAY$$Base
UNDEFED    SHT$$INIT_ARRAY$$Limit

[371 symbols]
