<?xml version="1.0"?>
<link_info>
   <banner>TI ARM Linker PC v5.1.5</banner>
   <copyright>Copyright (c) 1996-2014 Texas Instruments Incorporated</copyright>
   <link_time>0x53fda78c</link_time>
   <link_errors>0x0</link_errors>
   <output_file>Quadcopter.out</output_file>
   <entry_point>
      <name>_c_int00</name>
      <address>0xb711</address>
   </entry_point>
   <input_file_list>
      <input_file id="fl-2">
         <path>.\userLib\</path>
         <kind>object</kind>
         <file>board.obj</file>
         <name>board.obj</name>
      </input_file>
      <input_file id="fl-3">
         <path>.\userLib\</path>
         <kind>object</kind>
         <file>Voltmeter.obj</file>
         <name>Voltmeter.obj</name>
      </input_file>
      <input_file id="fl-4">
         <path>.\userLib\</path>
         <kind>object</kind>
         <file>Sonar.obj</file>
         <name>Sonar.obj</name>
      </input_file>
      <input_file id="fl-5">
         <path>.\userLib\</path>
         <kind>object</kind>
         <file>PPM_Receiver.obj</file>
         <name>PPM_Receiver.obj</name>
      </input_file>
      <input_file id="fl-6">
         <path>.\userLib\</path>
         <kind>object</kind>
         <file>PPM_Encoder.obj</file>
         <name>PPM_Encoder.obj</name>
      </input_file>
      <input_file id="fl-7">
         <path>.\userLib\</path>
         <kind>object</kind>
         <file>PID.obj</file>
         <name>PID.obj</name>
      </input_file>
      <input_file id="fl-8">
         <path>.\userLib\</path>
         <kind>object</kind>
         <file>OpticalFlow.obj</file>
         <name>OpticalFlow.obj</name>
      </input_file>
      <input_file id="fl-9">
         <path>.\userLib\</path>
         <kind>object</kind>
         <file>OLED.obj</file>
         <name>OLED.obj</name>
      </input_file>
      <input_file id="fl-a">
         <path>.\userLib\</path>
         <kind>object</kind>
         <file>MadgwickAHRS.obj</file>
         <name>MadgwickAHRS.obj</name>
      </input_file>
      <input_file id="fl-b">
         <path>.\userLib\</path>
         <kind>object</kind>
         <file>MPU9250.obj</file>
         <name>MPU9250.obj</name>
      </input_file>
      <input_file id="fl-c">
         <path>.\userLib\</path>
         <kind>object</kind>
         <file>Interface.obj</file>
         <name>Interface.obj</name>
      </input_file>
      <input_file id="fl-d">
         <path>.\userLib\</path>
         <kind>object</kind>
         <file>IMUFilter.obj</file>
         <name>IMUFilter.obj</name>
      </input_file>
      <input_file id="fl-e">
         <path>.\userLib\</path>
         <kind>object</kind>
         <file>EEPROM.obj</file>
         <name>EEPROM.obj</name>
      </input_file>
      <input_file id="fl-f">
         <path>.\userLib\</path>
         <kind>object</kind>
         <file>Debugger.obj</file>
         <name>Debugger.obj</name>
      </input_file>
      <input_file id="fl-10">
         <path>.\userLib\</path>
         <kind>object</kind>
         <file>ClockCounter.obj</file>
         <name>ClockCounter.obj</name>
      </input_file>
      <input_file id="fl-11">
         <path>.\utils\</path>
         <kind>object</kind>
         <file>ustdlib.obj</file>
         <name>ustdlib.obj</name>
      </input_file>
      <input_file id="fl-12">
         <path>.\utils\</path>
         <kind>object</kind>
         <file>uartstdio.obj</file>
         <name>uartstdio.obj</name>
      </input_file>
      <input_file id="fl-13">
         <path>.\utils\</path>
         <kind>object</kind>
         <file>cmdline.obj</file>
         <name>cmdline.obj</name>
      </input_file>
      <input_file id="fl-14">
         <path>.\</path>
         <kind>object</kind>
         <file>tm4c1233h6pm_startup_ccs.obj</file>
         <name>tm4c1233h6pm_startup_ccs.obj</name>
      </input_file>
      <input_file id="fl-15">
         <path>.\</path>
         <kind>object</kind>
         <file>main.obj</file>
         <name>main.obj</name>
      </input_file>
      <input_file id="fl-143">
         <path>D:\Program Files\TI CCS\ccsv6\tools\compiler\arm_5.1.5\lib\</path>
         <kind>archive</kind>
         <file>rtsv7M4_T_le_v4SPD16_eabi.lib</file>
         <name>asin.obj</name>
      </input_file>
      <input_file id="fl-144">
         <path>D:\Program Files\TI CCS\ccsv6\tools\compiler\arm_5.1.5\lib\</path>
         <kind>archive</kind>
         <file>rtsv7M4_T_le_v4SPD16_eabi.lib</file>
         <name>atan2.obj</name>
      </input_file>
      <input_file id="fl-145">
         <path>D:\Program Files\TI CCS\ccsv6\tools\compiler\arm_5.1.5\lib\</path>
         <kind>archive</kind>
         <file>rtsv7M4_T_le_v4SPD16_eabi.lib</file>
         <name>atan2f.obj</name>
      </input_file>
      <input_file id="fl-146">
         <path>D:\Program Files\TI CCS\ccsv6\tools\compiler\arm_5.1.5\lib\</path>
         <kind>archive</kind>
         <file>rtsv7M4_T_le_v4SPD16_eabi.lib</file>
         <name>boot.obj</name>
      </input_file>
      <input_file id="fl-147">
         <path>D:\Program Files\TI CCS\ccsv6\tools\compiler\arm_5.1.5\lib\</path>
         <kind>archive</kind>
         <file>rtsv7M4_T_le_v4SPD16_eabi.lib</file>
         <name>copy_decompress_none.obj</name>
      </input_file>
      <input_file id="fl-148">
         <path>D:\Program Files\TI CCS\ccsv6\tools\compiler\arm_5.1.5\lib\</path>
         <kind>archive</kind>
         <file>rtsv7M4_T_le_v4SPD16_eabi.lib</file>
         <name>copy_decompress_rle.obj</name>
      </input_file>
      <input_file id="fl-149">
         <path>D:\Program Files\TI CCS\ccsv6\tools\compiler\arm_5.1.5\lib\</path>
         <kind>archive</kind>
         <file>rtsv7M4_T_le_v4SPD16_eabi.lib</file>
         <name>copy_zero_init.obj</name>
      </input_file>
      <input_file id="fl-14a">
         <path>D:\Program Files\TI CCS\ccsv6\tools\compiler\arm_5.1.5\lib\</path>
         <kind>archive</kind>
         <file>rtsv7M4_T_le_v4SPD16_eabi.lib</file>
         <name>cosf.obj</name>
      </input_file>
      <input_file id="fl-14b">
         <path>D:\Program Files\TI CCS\ccsv6\tools\compiler\arm_5.1.5\lib\</path>
         <kind>archive</kind>
         <file>rtsv7M4_T_le_v4SPD16_eabi.lib</file>
         <name>exit.obj</name>
      </input_file>
      <input_file id="fl-14c">
         <path>D:\Program Files\TI CCS\ccsv6\tools\compiler\arm_5.1.5\lib\</path>
         <kind>archive</kind>
         <file>rtsv7M4_T_le_v4SPD16_eabi.lib</file>
         <name>fd_add_t2.obj</name>
      </input_file>
      <input_file id="fl-14d">
         <path>D:\Program Files\TI CCS\ccsv6\tools\compiler\arm_5.1.5\lib\</path>
         <kind>archive</kind>
         <file>rtsv7M4_T_le_v4SPD16_eabi.lib</file>
         <name>fd_cmp_t2.obj</name>
      </input_file>
      <input_file id="fl-14e">
         <path>D:\Program Files\TI CCS\ccsv6\tools\compiler\arm_5.1.5\lib\</path>
         <kind>archive</kind>
         <file>rtsv7M4_T_le_v4SPD16_eabi.lib</file>
         <name>fd_div_t2.obj</name>
      </input_file>
      <input_file id="fl-14f">
         <path>D:\Program Files\TI CCS\ccsv6\tools\compiler\arm_5.1.5\lib\</path>
         <kind>archive</kind>
         <file>rtsv7M4_T_le_v4SPD16_eabi.lib</file>
         <name>fd_mul_t2.obj</name>
      </input_file>
      <input_file id="fl-150">
         <path>D:\Program Files\TI CCS\ccsv6\tools\compiler\arm_5.1.5\lib\</path>
         <kind>archive</kind>
         <file>rtsv7M4_T_le_v4SPD16_eabi.lib</file>
         <name>fd_tos_t2.obj</name>
      </input_file>
      <input_file id="fl-151">
         <path>D:\Program Files\TI CCS\ccsv6\tools\compiler\arm_5.1.5\lib\</path>
         <kind>archive</kind>
         <file>rtsv7M4_T_le_v4SPD16_eabi.lib</file>
         <name>fd_toull_t2.obj</name>
      </input_file>
      <input_file id="fl-152">
         <path>D:\Program Files\TI CCS\ccsv6\tools\compiler\arm_5.1.5\lib\</path>
         <kind>archive</kind>
         <file>rtsv7M4_T_le_v4SPD16_eabi.lib</file>
         <name>fs_tod_t2.obj</name>
      </input_file>
      <input_file id="fl-153">
         <path>D:\Program Files\TI CCS\ccsv6\tools\compiler\arm_5.1.5\lib\</path>
         <kind>archive</kind>
         <file>rtsv7M4_T_le_v4SPD16_eabi.lib</file>
         <name>i_tofd_t2.obj</name>
      </input_file>
      <input_file id="fl-154">
         <path>D:\Program Files\TI CCS\ccsv6\tools\compiler\arm_5.1.5\lib\</path>
         <kind>archive</kind>
         <file>rtsv7M4_T_le_v4SPD16_eabi.lib</file>
         <name>memcpy_t2.obj</name>
      </input_file>
      <input_file id="fl-155">
         <path>D:\Program Files\TI CCS\ccsv6\tools\compiler\arm_5.1.5\lib\</path>
         <kind>archive</kind>
         <file>rtsv7M4_T_le_v4SPD16_eabi.lib</file>
         <name>sinf.obj</name>
      </input_file>
      <input_file id="fl-156">
         <path>D:\Program Files\TI CCS\ccsv6\tools\compiler\arm_5.1.5\lib\</path>
         <kind>archive</kind>
         <file>rtsv7M4_T_le_v4SPD16_eabi.lib</file>
         <name>sprintf.obj</name>
      </input_file>
      <input_file id="fl-157">
         <path>D:\Program Files\TI CCS\ccsv6\tools\compiler\arm_5.1.5\lib\</path>
         <kind>archive</kind>
         <file>rtsv7M4_T_le_v4SPD16_eabi.lib</file>
         <name>sqrt.obj</name>
      </input_file>
      <input_file id="fl-158">
         <path>D:\Program Files\TI CCS\ccsv6\tools\compiler\arm_5.1.5\lib\</path>
         <kind>archive</kind>
         <file>rtsv7M4_T_le_v4SPD16_eabi.lib</file>
         <name>stkdepth_vars.obj</name>
      </input_file>
      <input_file id="fl-159">
         <path>D:\Program Files\TI CCS\ccsv6\tools\compiler\arm_5.1.5\lib\</path>
         <kind>archive</kind>
         <file>rtsv7M4_T_le_v4SPD16_eabi.lib</file>
         <name>strcmp.obj</name>
      </input_file>
      <input_file id="fl-15a">
         <path>D:\Program Files\TI CCS\ccsv6\tools\compiler\arm_5.1.5\lib\</path>
         <kind>archive</kind>
         <file>rtsv7M4_T_le_v4SPD16_eabi.lib</file>
         <name>tanf.obj</name>
      </input_file>
      <input_file id="fl-15b">
         <path>D:\Program Files\TI CCS\ccsv6\tools\compiler\arm_5.1.5\lib\</path>
         <kind>archive</kind>
         <file>rtsv7M4_T_le_v4SPD16_eabi.lib</file>
         <name>u_divt2.obj</name>
      </input_file>
      <input_file id="fl-15c">
         <path>D:\Program Files\TI CCS\ccsv6\tools\compiler\arm_5.1.5\lib\</path>
         <kind>archive</kind>
         <file>rtsv7M4_T_le_v4SPD16_eabi.lib</file>
         <name>u_tofd_t2.obj</name>
      </input_file>
      <input_file id="fl-15d">
         <path>D:\Program Files\TI CCS\ccsv6\tools\compiler\arm_5.1.5\lib\</path>
         <kind>archive</kind>
         <file>rtsv7M4_T_le_v4SPD16_eabi.lib</file>
         <name>ull_div_t2.obj</name>
      </input_file>
      <input_file id="fl-15e">
         <path>D:\Program Files\TI CCS\ccsv6\tools\compiler\arm_5.1.5\lib\</path>
         <kind>archive</kind>
         <file>rtsv7M4_T_le_v4SPD16_eabi.lib</file>
         <name>ull_tofd_t2.obj</name>
      </input_file>
      <input_file id="fl-15f">
         <path>D:\Program Files\TI CCS\ccsv6\tools\compiler\arm_5.1.5\lib\</path>
         <kind>archive</kind>
         <file>rtsv7M4_T_le_v4SPD16_eabi.lib</file>
         <name>ull_tofs_t2.obj</name>
      </input_file>
      <input_file id="fl-160">
         <path>D:\Program Files\TI CCS\ccsv6\tools\compiler\arm_5.1.5\lib\</path>
         <kind>archive</kind>
         <file>rtsv7M4_T_le_v4SPD16_eabi.lib</file>
         <name>xatan.obj</name>
      </input_file>
      <input_file id="fl-161">
         <path>D:\Program Files\TI CCS\ccsv6\tools\compiler\arm_5.1.5\lib\</path>
         <kind>archive</kind>
         <file>rtsv7M4_T_le_v4SPD16_eabi.lib</file>
         <name>xdscale.obj</name>
      </input_file>
      <input_file id="fl-162">
         <path>D:\Program Files\TI CCS\ccsv6\tools\compiler\arm_5.1.5\lib\</path>
         <kind>archive</kind>
         <file>rtsv7M4_T_le_v4SPD16_eabi.lib</file>
         <name>xdtest.obj</name>
      </input_file>
      <input_file id="fl-163">
         <path>D:\Program Files\TI CCS\ccsv6\tools\compiler\arm_5.1.5\lib\</path>
         <kind>archive</kind>
         <file>rtsv7M4_T_le_v4SPD16_eabi.lib</file>
         <name>xdunscal.obj</name>
      </input_file>
      <input_file id="fl-164">
         <path>D:\Program Files\TI CCS\ccsv6\tools\compiler\arm_5.1.5\lib\</path>
         <kind>archive</kind>
         <file>rtsv7M4_T_le_v4SPD16_eabi.lib</file>
         <name>xfatan.obj</name>
      </input_file>
      <input_file id="fl-165">
         <path>D:\Program Files\TI CCS\ccsv6\tools\compiler\arm_5.1.5\lib\</path>
         <kind>archive</kind>
         <file>rtsv7M4_T_le_v4SPD16_eabi.lib</file>
         <name>xfdtest.obj</name>
      </input_file>
      <input_file id="fl-166">
         <path>D:\Program Files\TI CCS\ccsv6\tools\compiler\arm_5.1.5\lib\</path>
         <kind>archive</kind>
         <file>rtsv7M4_T_le_v4SPD16_eabi.lib</file>
         <name>xferaise.obj</name>
      </input_file>
      <input_file id="fl-167">
         <path>D:\Program Files\TI CCS\ccsv6\tools\compiler\arm_5.1.5\lib\</path>
         <kind>archive</kind>
         <file>rtsv7M4_T_le_v4SPD16_eabi.lib</file>
         <name>xfsin.obj</name>
      </input_file>
      <input_file id="fl-168">
         <path>D:\Program Files\TI CCS\ccsv6\tools\compiler\arm_5.1.5\lib\</path>
         <kind>archive</kind>
         <file>rtsv7M4_T_le_v4SPD16_eabi.lib</file>
         <name>xfvalues.obj</name>
      </input_file>
      <input_file id="fl-169">
         <path>D:\Program Files\TI CCS\ccsv6\tools\compiler\arm_5.1.5\lib\</path>
         <kind>archive</kind>
         <file>rtsv7M4_T_le_v4SPD16_eabi.lib</file>
         <name>xvalues.obj</name>
      </input_file>
      <input_file id="fl-16a">
         <path>D:\Program Files\TI CCS\ccsv6\tools\compiler\arm_5.1.5\lib\</path>
         <kind>archive</kind>
         <file>rtsv7M4_T_le_v4SPD16_eabi.lib</file>
         <name>_lock.obj</name>
      </input_file>
      <input_file id="fl-16b">
         <path>D:\Program Files\TI CCS\ccsv6\tools\compiler\arm_5.1.5\lib\</path>
         <kind>archive</kind>
         <file>rtsv7M4_T_le_v4SPD16_eabi.lib</file>
         <name>_printfi.obj</name>
      </input_file>
      <input_file id="fl-16c">
         <path>D:\Program Files\TI CCS\ccsv6\tools\compiler\arm_5.1.5\lib\</path>
         <kind>archive</kind>
         <file>rtsv7M4_T_le_v4SPD16_eabi.lib</file>
         <name>args_main.obj</name>
      </input_file>
      <input_file id="fl-16d">
         <path>D:\Program Files\TI CCS\ccsv6\tools\compiler\arm_5.1.5\lib\</path>
         <kind>archive</kind>
         <file>rtsv7M4_T_le_v4SPD16_eabi.lib</file>
         <name>atoi.obj</name>
      </input_file>
      <input_file id="fl-16e">
         <path>D:\Program Files\TI CCS\ccsv6\tools\compiler\arm_5.1.5\lib\</path>
         <kind>archive</kind>
         <file>rtsv7M4_T_le_v4SPD16_eabi.lib</file>
         <name>auto_init.obj</name>
      </input_file>
      <input_file id="fl-16f">
         <path>D:\Program Files\TI CCS\ccsv6\tools\compiler\arm_5.1.5\lib\</path>
         <kind>archive</kind>
         <file>rtsv7M4_T_le_v4SPD16_eabi.lib</file>
         <name>cpy_tbl.obj</name>
      </input_file>
      <input_file id="fl-170">
         <path>D:\Program Files\TI CCS\ccsv6\tools\compiler\arm_5.1.5\lib\</path>
         <kind>archive</kind>
         <file>rtsv7M4_T_le_v4SPD16_eabi.lib</file>
         <name>ctype.obj</name>
      </input_file>
      <input_file id="fl-171">
         <path>D:\Program Files\TI CCS\ccsv6\tools\compiler\arm_5.1.5\lib\</path>
         <kind>archive</kind>
         <file>rtsv7M4_T_le_v4SPD16_eabi.lib</file>
         <name>errno.obj</name>
      </input_file>
      <input_file id="fl-172">
         <path>D:\Program Files\TI CCS\ccsv6\tools\compiler\arm_5.1.5\lib\</path>
         <kind>archive</kind>
         <file>rtsv7M4_T_le_v4SPD16_eabi.lib</file>
         <name>fd_toi_t2.obj</name>
      </input_file>
      <input_file id="fl-173">
         <path>D:\Program Files\TI CCS\ccsv6\tools\compiler\arm_5.1.5\lib\</path>
         <kind>archive</kind>
         <file>rtsv7M4_T_le_v4SPD16_eabi.lib</file>
         <name>feraiseexcept.obj</name>
      </input_file>
      <input_file id="fl-174">
         <path>D:\Program Files\TI CCS\ccsv6\tools\compiler\arm_5.1.5\lib\</path>
         <kind>archive</kind>
         <file>rtsv7M4_T_le_v4SPD16_eabi.lib</file>
         <name>fmodf.obj</name>
      </input_file>
      <input_file id="fl-175">
         <path>D:\Program Files\TI CCS\ccsv6\tools\compiler\arm_5.1.5\lib\</path>
         <kind>archive</kind>
         <file>rtsv7M4_T_le_v4SPD16_eabi.lib</file>
         <name>ll_mul_t2.obj</name>
      </input_file>
      <input_file id="fl-176">
         <path>D:\Program Files\TI CCS\ccsv6\tools\compiler\arm_5.1.5\lib\</path>
         <kind>archive</kind>
         <file>rtsv7M4_T_le_v4SPD16_eabi.lib</file>
         <name>ltoa.obj</name>
      </input_file>
      <input_file id="fl-177">
         <path>D:\Program Files\TI CCS\ccsv6\tools\compiler\arm_5.1.5\lib\</path>
         <kind>archive</kind>
         <file>rtsv7M4_T_le_v4SPD16_eabi.lib</file>
         <name>memccpy.obj</name>
      </input_file>
      <input_file id="fl-178">
         <path>D:\Program Files\TI CCS\ccsv6\tools\compiler\arm_5.1.5\lib\</path>
         <kind>archive</kind>
         <file>rtsv7M4_T_le_v4SPD16_eabi.lib</file>
         <name>memset_t2.obj</name>
      </input_file>
      <input_file id="fl-179">
         <path>D:\Program Files\TI CCS\ccsv6\tools\compiler\arm_5.1.5\lib\</path>
         <kind>archive</kind>
         <file>rtsv7M4_T_le_v4SPD16_eabi.lib</file>
         <name>raise.obj</name>
      </input_file>
      <input_file id="fl-17a">
         <path>D:\Program Files\TI CCS\ccsv6\tools\compiler\arm_5.1.5\lib\</path>
         <kind>archive</kind>
         <file>rtsv7M4_T_le_v4SPD16_eabi.lib</file>
         <name>signal.obj</name>
      </input_file>
      <input_file id="fl-17b">
         <path>D:\Program Files\TI CCS\ccsv6\tools\compiler\arm_5.1.5\lib\</path>
         <kind>archive</kind>
         <file>rtsv7M4_T_le_v4SPD16_eabi.lib</file>
         <name>strlen.obj</name>
      </input_file>
      <input_file id="fl-17c">
         <path>D:\Program Files\TI CCS\ccsv6\tools\compiler\arm_5.1.5\lib\</path>
         <kind>archive</kind>
         <file>rtsv7M4_T_le_v4SPD16_eabi.lib</file>
         <name>xdclass.obj</name>
      </input_file>
      <input_file id="fl-17d">
         <path>D:\Program Files\TI CCS\ccsv6\tools\compiler\arm_5.1.5\lib\</path>
         <kind>archive</kind>
         <file>rtsv7M4_T_le_v4SPD16_eabi.lib</file>
         <name>xdnorm.obj</name>
      </input_file>
      <input_file id="fl-17e">
         <path>D:\Program Files\TI CCS\ccsv6\tools\compiler\arm_5.1.5\lib\</path>
         <kind>archive</kind>
         <file>rtsv7M4_T_le_v4SPD16_eabi.lib</file>
         <name>xfdnorm.obj</name>
      </input_file>
      <input_file id="fl-17f">
         <path>D:\Program Files\TI CCS\ccsv6\tools\compiler\arm_5.1.5\lib\</path>
         <kind>archive</kind>
         <file>rtsv7M4_T_le_v4SPD16_eabi.lib</file>
         <name>xfdscale.obj</name>
      </input_file>
      <input_file id="fl-180">
         <path>D:\Program Files\TI CCS\Tiva C Firmware\examples\project\ccs\..\..\..\driverlib\ccs\Debug\</path>
         <kind>archive</kind>
         <file>driverlib.lib</file>
         <name>uart.obj</name>
      </input_file>
      <input_file id="fl-181">
         <path>D:\Program Files\TI CCS\Tiva C Firmware\examples\project\ccs\..\..\..\driverlib\ccs\Debug\</path>
         <kind>archive</kind>
         <file>driverlib.lib</file>
         <name>timer.obj</name>
      </input_file>
      <input_file id="fl-182">
         <path>D:\Program Files\TI CCS\Tiva C Firmware\examples\project\ccs\..\..\..\driverlib\ccs\Debug\</path>
         <kind>archive</kind>
         <file>driverlib.lib</file>
         <name>sysctl.obj</name>
      </input_file>
      <input_file id="fl-183">
         <path>D:\Program Files\TI CCS\Tiva C Firmware\examples\project\ccs\..\..\..\driverlib\ccs\Debug\</path>
         <kind>archive</kind>
         <file>driverlib.lib</file>
         <name>ssi.obj</name>
      </input_file>
      <input_file id="fl-184">
         <path>D:\Program Files\TI CCS\Tiva C Firmware\examples\project\ccs\..\..\..\driverlib\ccs\Debug\</path>
         <kind>archive</kind>
         <file>driverlib.lib</file>
         <name>interrupt.obj</name>
      </input_file>
      <input_file id="fl-185">
         <path>D:\Program Files\TI CCS\Tiva C Firmware\examples\project\ccs\..\..\..\driverlib\ccs\Debug\</path>
         <kind>archive</kind>
         <file>driverlib.lib</file>
         <name>gpio.obj</name>
      </input_file>
      <input_file id="fl-186">
         <path>D:\Program Files\TI CCS\Tiva C Firmware\examples\project\ccs\..\..\..\driverlib\ccs\Debug\</path>
         <kind>archive</kind>
         <file>driverlib.lib</file>
         <name>eeprom.obj</name>
      </input_file>
      <input_file id="fl-187">
         <path>D:\Program Files\TI CCS\Tiva C Firmware\examples\project\ccs\..\..\..\driverlib\ccs\Debug\</path>
         <kind>archive</kind>
         <file>driverlib.lib</file>
         <name>cpu.obj</name>
      </input_file>
      <input_file id="fl-188">
         <path>D:\Program Files\TI CCS\Tiva C Firmware\examples\project\ccs\..\..\..\driverlib\ccs\Debug\</path>
         <kind>archive</kind>
         <file>driverlib.lib</file>
         <name>adc.obj</name>
      </input_file>
   </input_file_list>
   <object_component_list>
      <object_component id="oc-e">
         <name>.intvecs</name>
         <load_address>0x0</load_address>
         <run_address>0x0</run_address>
         <size>0x26c</size>
         <input_file_ref idref="fl-14"/>
      </object_component>
      <object_component id="oc-b8">
         <name>.text:main</name>
         <load_address>0x26c</load_address>
         <run_address>0x26c</run_address>
         <size>0x1c0c</size>
         <input_file_ref idref="fl-15"/>
      </object_component>
      <object_component id="oc-651">
         <name>.text</name>
         <load_address>0x1e78</load_address>
         <run_address>0x1e78</run_address>
         <size>0xec0</size>
         <input_file_ref idref="fl-16b"/>
      </object_component>
      <object_component id="oc-282">
         <name>.text:Debugger_SendPIDData</name>
         <load_address>0x2d38</load_address>
         <run_address>0x2d38</run_address>
         <size>0x90c</size>
         <input_file_ref idref="fl-f"/>
      </object_component>
      <object_component id="oc-16a">
         <name>.text:AdjustParameter</name>
         <load_address>0x3644</load_address>
         <run_address>0x3644</run_address>
         <size>0x81c</size>
         <input_file_ref idref="fl-c"/>
      </object_component>
      <object_component id="oc-2aa">
         <name>.text:Debugger_Parser</name>
         <load_address>0x3e60</load_address>
         <run_address>0x3e60</run_address>
         <size>0x7f0</size>
         <input_file_ref idref="fl-f"/>
      </object_component>
      <object_component id="oc-18e">
         <name>.text:MadgwickAHRSupdateIMU</name>
         <load_address>0x4650</load_address>
         <run_address>0x4650</run_address>
         <size>0x768</size>
         <input_file_ref idref="fl-a"/>
      </object_component>
      <object_component id="oc-156">
         <name>.text:EEPROM_Read</name>
         <load_address>0x4db8</load_address>
         <run_address>0x4db8</run_address>
         <size>0x5f4</size>
         <input_file_ref idref="fl-e"/>
      </object_component>
      <object_component id="oc-3ab">
         <name>.text:EEPROM_Write</name>
         <load_address>0x53ac</load_address>
         <run_address>0x53ac</run_address>
         <size>0x388</size>
         <input_file_ref idref="fl-e"/>
      </object_component>
      <object_component id="oc-3f8">
         <name>.text:UARTvprintf</name>
         <load_address>0x5734</load_address>
         <run_address>0x5734</run_address>
         <size>0x30c</size>
         <input_file_ref idref="fl-12"/>
      </object_component>
      <object_component id="oc-222">
         <name>.text:PID_PositionYUpdate</name>
         <load_address>0x5a40</load_address>
         <run_address>0x5a40</run_address>
         <size>0x2f4</size>
         <input_file_ref idref="fl-7"/>
      </object_component>
      <object_component id="oc-1a9">
         <name>.text:AccZ_Filter</name>
         <load_address>0x5d34</load_address>
         <run_address>0x5d34</run_address>
         <size>0x2e4</size>
         <input_file_ref idref="fl-d"/>
      </object_component>
      <object_component id="oc-21d">
         <name>.text:PID_PositionXUpdate</name>
         <load_address>0x6018</load_address>
         <run_address>0x6018</run_address>
         <size>0x2a8</size>
         <input_file_ref idref="fl-7"/>
      </object_component>
      <object_component id="oc-419">
         <name>.text:ParameterChange</name>
         <load_address>0x62c0</load_address>
         <run_address>0x62c0</run_address>
         <size>0x280</size>
         <input_file_ref idref="fl-c"/>
      </object_component>
      <object_component id="oc-23e">
         <name>.text:PID_AltitudeUpdate</name>
         <load_address>0x6540</load_address>
         <run_address>0x6540</run_address>
         <size>0x234</size>
         <input_file_ref idref="fl-7"/>
      </object_component>
      <object_component id="oc-287">
         <name>.text:Debugger_SendRCData</name>
         <load_address>0x6774</load_address>
         <run_address>0x6774</run_address>
         <size>0x214</size>
         <input_file_ref idref="fl-f"/>
      </object_component>
      <object_component id="oc-54b">
         <name>.text:MPU6050_MagCalibration</name>
         <load_address>0x6988</load_address>
         <run_address>0x6988</run_address>
         <size>0x210</size>
         <input_file_ref idref="fl-b"/>
      </object_component>
      <object_component id="oc-28c">
         <name>.text:Debugger_SendSensorData</name>
         <load_address>0x6b98</load_address>
         <run_address>0x6b98</run_address>
         <size>0x20c</size>
         <input_file_ref idref="fl-f"/>
      </object_component>
      <object_component id="oc-179">
         <name>.text</name>
         <load_address>0x6da4</load_address>
         <run_address>0x6da4</run_address>
         <size>0x1f4</size>
         <input_file_ref idref="fl-15d"/>
      </object_component>
      <object_component id="oc-46d">
         <name>.text:rotateV</name>
         <load_address>0x6f98</load_address>
         <run_address>0x6f98</run_address>
         <size>0x1da</size>
         <input_file_ref idref="fl-d"/>
      </object_component>
      <object_component id="oc-2e">
         <name>.text:FaultISR</name>
         <load_address>0x7172</load_address>
         <run_address>0x7172</run_address>
         <size>0x2</size>
         <input_file_ref idref="fl-14"/>
      </object_component>
      <object_component id="oc-27b">
         <name>.text:Debugger_SendMotorData</name>
         <load_address>0x7174</load_address>
         <run_address>0x7174</run_address>
         <size>0x1d4</size>
         <input_file_ref idref="fl-f"/>
      </object_component>
      <object_component id="oc-3e6">
         <name>.text:OLED_P14x16Str</name>
         <load_address>0x7348</load_address>
         <run_address>0x7348</run_address>
         <size>0x1d4</size>
         <input_file_ref idref="fl-9"/>
      </object_component>
      <object_component id="oc-276">
         <name>.text:Debugger_SendStatusData</name>
         <load_address>0x751c</load_address>
         <run_address>0x751c</run_address>
         <size>0x1d0</size>
         <input_file_ref idref="fl-f"/>
      </object_component>
      <object_component id="oc-20e">
         <name>.text:PPMEncoder_Update</name>
         <load_address>0x76ec</load_address>
         <run_address>0x76ec</run_address>
         <size>0x1c8</size>
         <input_file_ref idref="fl-6"/>
      </object_component>
      <object_component id="oc-236">
         <name>.text:PID_AltitudeUpdateSonarFusion</name>
         <load_address>0x78b4</load_address>
         <run_address>0x78b4</run_address>
         <size>0x1bc</size>
         <input_file_ref idref="fl-7"/>
      </object_component>
      <object_component id="oc-1e7">
         <name>.text</name>
         <load_address>0x7a70</load_address>
         <run_address>0x7a70</run_address>
         <size>0x1b6</size>
         <input_file_ref idref="fl-14c"/>
      </object_component>
      <object_component id="oc-33">
         <name>.text:IntDefaultHandler</name>
         <load_address>0x7c26</load_address>
         <run_address>0x7c26</run_address>
         <size>0x2</size>
         <input_file_ref idref="fl-14"/>
      </object_component>
      <object_component id="oc-160">
         <name>.text:PPMReveiver_Transform</name>
         <load_address>0x7c28</load_address>
         <run_address>0x7c28</run_address>
         <size>0x18c</size>
         <input_file_ref idref="fl-5"/>
      </object_component>
      <object_component id="oc-675">
         <name>.text</name>
         <load_address>0x7db4</load_address>
         <run_address>0x7db4</run_address>
         <size>0x18c</size>
         <input_file_ref idref="fl-160"/>
      </object_component>
      <object_component id="oc-213">
         <name>.text:OpticalFlow_GetMotion</name>
         <load_address>0x7f40</load_address>
         <run_address>0x7f40</run_address>
         <size>0x174</size>
         <input_file_ref idref="fl-8"/>
      </object_component>
      <object_component id="oc-193">
         <name>.text:Att_Calibration</name>
         <load_address>0x80b4</load_address>
         <run_address>0x80b4</run_address>
         <size>0x170</size>
         <input_file_ref idref="fl-15"/>
      </object_component>
      <object_component id="oc-663">
         <name>.text</name>
         <load_address>0x8224</load_address>
         <run_address>0x8224</run_address>
         <size>0x170</size>
         <input_file_ref idref="fl-167"/>
      </object_component>
      <object_component id="oc-14c">
         <name>.text:MPU9250_Init</name>
         <load_address>0x8394</load_address>
         <run_address>0x8394</run_address>
         <size>0x168</size>
         <input_file_ref idref="fl-b"/>
      </object_component>
      <object_component id="oc-151">
         <name>.text:OpticalFlow_Init</name>
         <load_address>0x84fc</load_address>
         <run_address>0x84fc</run_address>
         <size>0x168</size>
         <input_file_ref idref="fl-8"/>
      </object_component>
      <object_component id="oc-1ef">
         <name>.text:PID_Update</name>
         <load_address>0x8664</load_address>
         <run_address>0x8664</run_address>
         <size>0x164</size>
         <input_file_ref idref="fl-7"/>
      </object_component>
      <object_component id="oc-39d">
         <name>.text</name>
         <load_address>0x87c8</load_address>
         <run_address>0x87c8</run_address>
         <size>0x14c</size>
         <input_file_ref idref="fl-15a"/>
      </object_component>
      <object_component id="oc-4f5">
         <name>.text</name>
         <load_address>0x8914</load_address>
         <run_address>0x8914</run_address>
         <size>0x148</size>
         <input_file_ref idref="fl-157"/>
      </object_component>
      <object_component id="oc-1eb">
         <name>.text</name>
         <load_address>0x8a5c</load_address>
         <run_address>0x8a5c</run_address>
         <size>0x136</size>
         <input_file_ref idref="fl-14e"/>
      </object_component>
      <object_component id="oc-29">
         <name>.text:NmiSR</name>
         <load_address>0x8b92</load_address>
         <run_address>0x8b92</run_address>
         <size>0x2</size>
         <input_file_ref idref="fl-14"/>
      </object_component>
      <object_component id="oc-297">
         <name>.text:PID_Clear</name>
         <load_address>0x8b94</load_address>
         <run_address>0x8b94</run_address>
         <size>0x134</size>
         <input_file_ref idref="fl-7"/>
      </object_component>
      <object_component id="oc-31d">
         <name>.text:GPIOPadConfigSet</name>
         <load_address>0x8cc8</load_address>
         <run_address>0x8cc8</run_address>
         <size>0x130</size>
         <input_file_ref idref="fl-185"/>
      </object_component>
      <object_component id="oc-45d">
         <name>.text:Debugger_SendAttOffset</name>
         <load_address>0x8df8</load_address>
         <run_address>0x8df8</run_address>
         <size>0x12c</size>
         <input_file_ref idref="fl-f"/>
      </object_component>
      <object_component id="oc-124">
         <name>.text:OLED_Init</name>
         <load_address>0x8f24</load_address>
         <run_address>0x8f24</run_address>
         <size>0x12c</size>
         <input_file_ref idref="fl-9"/>
      </object_component>
      <object_component id="oc-1ae">
         <name>.text:Att_Filter</name>
         <load_address>0x9050</load_address>
         <run_address>0x9050</run_address>
         <size>0x124</size>
         <input_file_ref idref="fl-d"/>
      </object_component>
      <object_component id="oc-22d">
         <name>.text:Sonar_LimitationFilter</name>
         <load_address>0x9174</load_address>
         <run_address>0x9174</run_address>
         <size>0x124</size>
         <input_file_ref idref="fl-4"/>
      </object_component>
      <object_component id="oc-5fd">
         <name>.text</name>
         <load_address>0x9298</load_address>
         <run_address>0x9298</run_address>
         <size>0x124</size>
         <input_file_ref idref="fl-174"/>
      </object_component>
      <object_component id="oc-44f">
         <name>.text</name>
         <load_address>0x93bc</load_address>
         <run_address>0x93bc</run_address>
         <size>0x11c</size>
         <input_file_ref idref="fl-143"/>
      </object_component>
      <object_component id="oc-323">
         <name>.text:SysCtlClockGet</name>
         <load_address>0x94d8</load_address>
         <run_address>0x94d8</run_address>
         <size>0x118</size>
         <input_file_ref idref="fl-182"/>
      </object_component>
      <object_component id="oc-454">
         <name>.text</name>
         <load_address>0x95f0</load_address>
         <run_address>0x95f0</run_address>
         <size>0x118</size>
         <input_file_ref idref="fl-144"/>
      </object_component>
      <object_component id="oc-13d">
         <name>.text:PPMEncoder_Init</name>
         <load_address>0x9708</load_address>
         <run_address>0x9708</run_address>
         <size>0x114</size>
         <input_file_ref idref="fl-6"/>
      </object_component>
      <object_component id="oc-699">
         <name>.text</name>
         <load_address>0x981c</load_address>
         <run_address>0x981c</run_address>
         <size>0x110</size>
         <input_file_ref idref="fl-161"/>
      </object_component>
      <object_component id="oc-546">
         <name>.text:MPU6050_GyroCalibration</name>
         <load_address>0x992c</load_address>
         <run_address>0x992c</run_address>
         <size>0xfc</size>
         <input_file_ref idref="fl-b"/>
      </object_component>
      <object_component id="oc-1c6">
         <name>.text</name>
         <load_address>0x9a28</load_address>
         <run_address>0x9a28</run_address>
         <size>0xfc</size>
         <input_file_ref idref="fl-14f"/>
      </object_component>
      <object_component id="oc-218">
         <name>.text:Debugger_SendSeriesData</name>
         <load_address>0x9b24</load_address>
         <run_address>0x9b24</run_address>
         <size>0xf4</size>
         <input_file_ref idref="fl-f"/>
      </object_component>
      <object_component id="oc-3eb">
         <name>.text:OLED_P8x16Str</name>
         <load_address>0x9c18</load_address>
         <run_address>0x9c18</run_address>
         <size>0xf4</size>
         <input_file_ref idref="fl-9"/>
      </object_component>
      <object_component id="oc-115">
         <name>.text:SysCtlClockSet</name>
         <load_address>0x9d0c</load_address>
         <run_address>0x9d0c</run_address>
         <size>0xf0</size>
         <input_file_ref idref="fl-182"/>
      </object_component>
      <object_component id="oc-3d">
         <name>.text:Timer4AIntHandler</name>
         <load_address>0x9dfc</load_address>
         <run_address>0x9dfc</run_address>
         <size>0xdc</size>
         <input_file_ref idref="fl-15"/>
      </object_component>
      <object_component id="oc-408">
         <name>.text</name>
         <load_address>0x9ed8</load_address>
         <run_address>0x9ed8</run_address>
         <size>0xd8</size>
         <input_file_ref idref="fl-145"/>
      </object_component>
      <object_component id="oc-138">
         <name>.text:PPMReceiver_Init</name>
         <load_address>0x9fb0</load_address>
         <run_address>0x9fb0</run_address>
         <size>0xd0</size>
         <input_file_ref idref="fl-5"/>
      </object_component>
      <object_component id="oc-554">
         <name>.text:Debugger_SendCheck</name>
         <load_address>0xa080</load_address>
         <run_address>0xa080</run_address>
         <size>0xc8</size>
         <input_file_ref idref="fl-f"/>
      </object_component>
      <object_component id="oc-60c">
         <name>.text:EEPROMProgram</name>
         <load_address>0xa148</load_address>
         <run_address>0xa148</run_address>
         <size>0xc4</size>
         <input_file_ref idref="fl-186"/>
      </object_component>
      <object_component id="oc-763">
         <name>.text</name>
         <load_address>0xa20c</load_address>
         <run_address>0xa20c</run_address>
         <size>0xc4</size>
         <input_file_ref idref="fl-17d"/>
      </object_component>
      <object_component id="oc-6e9">
         <name>.text</name>
         <load_address>0xa2d0</load_address>
         <run_address>0xa2d0</run_address>
         <size>0xc0</size>
         <input_file_ref idref="fl-17f"/>
      </object_component>
      <object_component id="oc-11a">
         <name>.text:InitConsole</name>
         <load_address>0xa390</load_address>
         <run_address>0xa390</run_address>
         <size>0xb4</size>
         <input_file_ref idref="fl-15"/>
      </object_component>
      <object_component id="oc-11f">
         <name>.text:Interface_Init</name>
         <load_address>0xa444</load_address>
         <run_address>0xa444</run_address>
         <size>0xb4</size>
         <input_file_ref idref="fl-c"/>
      </object_component>
      <object_component id="oc-38">
         <name>.text:UARTIntHandler</name>
         <load_address>0xa4f8</load_address>
         <run_address>0xa4f8</run_address>
         <size>0xb4</size>
         <input_file_ref idref="fl-f"/>
      </object_component>
      <object_component id="oc-184">
         <name>.text:MPU9250_GetGyro</name>
         <load_address>0xa5ac</load_address>
         <run_address>0xa5ac</run_address>
         <size>0xac</size>
         <input_file_ref idref="fl-b"/>
      </object_component>
      <object_component id="oc-15b">
         <name>.text:OLED_Print</name>
         <load_address>0xa658</load_address>
         <run_address>0xa658</run_address>
         <size>0xac</size>
         <input_file_ref idref="fl-9"/>
      </object_component>
      <object_component id="oc-42">
         <name>.text:WTimer1AIntHandler</name>
         <load_address>0xa704</load_address>
         <run_address>0xa704</run_address>
         <size>0xac</size>
         <input_file_ref idref="fl-5"/>
      </object_component>
      <object_component id="oc-64a">
         <name>.text</name>
         <load_address>0xa7b0</load_address>
         <run_address>0xa7b0</run_address>
         <size>0xa8</size>
         <input_file_ref idref="fl-164"/>
      </object_component>
      <object_component id="oc-228">
         <name>.text:Sonar_MedianFilter</name>
         <load_address>0xa858</load_address>
         <run_address>0xa858</run_address>
         <size>0xa0</size>
         <input_file_ref idref="fl-4"/>
      </object_component>
      <object_component id="oc-5b">
         <name>.text</name>
         <load_address>0xa8f8</load_address>
         <run_address>0xa8f8</run_address>
         <size>0x9c</size>
         <input_file_ref idref="fl-154"/>
      </object_component>
      <object_component id="oc-4a">
         <name>.text</name>
         <load_address>0xa994</load_address>
         <run_address>0xa994</run_address>
         <size>0x94</size>
         <input_file_ref idref="fl-16e"/>
      </object_component>
      <object_component id="oc-393">
         <name>.text:ADNS3080_ReadReg</name>
         <load_address>0xaa28</load_address>
         <run_address>0xaa28</run_address>
         <size>0x88</size>
         <input_file_ref idref="fl-8"/>
      </object_component>
      <object_component id="oc-4be">
         <name>.text:applyDeadbandf</name>
         <load_address>0xaab0</load_address>
         <run_address>0xaab0</run_address>
         <size>0x88</size>
         <input_file_ref idref="fl-2"/>
      </object_component>
      <object_component id="oc-263">
         <name>.text:__aeabi_cdcmple</name>
         <load_address>0xab38</load_address>
         <run_address>0xab38</run_address>
         <size>0x86</size>
         <input_file_ref idref="fl-14d"/>
      </object_component>
      <object_component id="oc-24e">
         <name>.text:__aeabi_cdrcmple</name>
         <load_address>0xabbe</load_address>
         <run_address>0xabbe</run_address>
         <size>0x86</size>
         <input_file_ref idref="fl-14d"/>
      </object_component>
      <object_component id="oc-17f">
         <name>.text:MPU9250_GetAccel</name>
         <load_address>0xac44</load_address>
         <run_address>0xac44</run_address>
         <size>0x7c</size>
         <input_file_ref idref="fl-b"/>
      </object_component>
      <object_component id="oc-6e4">
         <name>.text</name>
         <load_address>0xacc0</load_address>
         <run_address>0xacc0</run_address>
         <size>0x7a</size>
         <input_file_ref idref="fl-17e"/>
      </object_component>
      <object_component id="oc-388">
         <name>.text:MPU9250_ReadReg</name>
         <load_address>0xad3c</load_address>
         <run_address>0xad3c</run_address>
         <size>0x78</size>
         <input_file_ref idref="fl-b"/>
      </object_component>
      <object_component id="oc-729">
         <name>.text</name>
         <load_address>0xadb4</load_address>
         <run_address>0xadb4</run_address>
         <size>0x78</size>
         <input_file_ref idref="fl-178"/>
      </object_component>
      <object_component id="oc-398">
         <name>.text:ADNS3080_WriteReg</name>
         <load_address>0xae2c</load_address>
         <run_address>0xae2c</run_address>
         <size>0x74</size>
         <input_file_ref idref="fl-8"/>
      </object_component>
      <object_component id="oc-328">
         <name>.text:OLED_WrCmd</name>
         <load_address>0xaea0</load_address>
         <run_address>0xaea0</run_address>
         <size>0x74</size>
         <input_file_ref idref="fl-9"/>
      </object_component>
      <object_component id="oc-5ab">
         <name>.text:OLED_WrDat</name>
         <load_address>0xaf14</load_address>
         <run_address>0xaf14</run_address>
         <size>0x74</size>
         <input_file_ref idref="fl-9"/>
      </object_component>
      <object_component id="oc-2f9">
         <name>.text:UARTStdioConfig</name>
         <load_address>0xaf88</load_address>
         <run_address>0xaf88</run_address>
         <size>0x74</size>
         <input_file_ref idref="fl-12"/>
      </object_component>
      <object_component id="oc-25e">
         <name>.text:OpticalFlow_Distance</name>
         <load_address>0xaffc</load_address>
         <run_address>0xaffc</run_address>
         <size>0x70</size>
         <input_file_ref idref="fl-8"/>
      </object_component>
      <object_component id="oc-32d">
         <name>.text:OLED_Fill</name>
         <load_address>0xb06c</load_address>
         <run_address>0xb06c</run_address>
         <size>0x68</size>
         <input_file_ref idref="fl-9"/>
      </object_component>
      <object_component id="oc-694">
         <name>.text</name>
         <load_address>0xb0d4</load_address>
         <run_address>0xb0d4</run_address>
         <size>0x64</size>
         <input_file_ref idref="fl-163"/>
      </object_component>
      <object_component id="oc-337">
         <name>.text:OLED_Clear</name>
         <load_address>0xb138</load_address>
         <run_address>0xb138</run_address>
         <size>0x62</size>
         <input_file_ref idref="fl-9"/>
      </object_component>
      <object_component id="oc-30d">
         <name>.text:IntEnable</name>
         <load_address>0xb19c</load_address>
         <run_address>0xb19c</run_address>
         <size>0x60</size>
         <input_file_ref idref="fl-184"/>
      </object_component>
      <object_component id="oc-38d">
         <name>.text:MPU9250_SetParameter</name>
         <load_address>0xb1fc</load_address>
         <run_address>0xb1fc</run_address>
         <size>0x60</size>
         <input_file_ref idref="fl-b"/>
      </object_component>
      <object_component id="oc-5df">
         <name>.text:MPU9250_WriteReg</name>
         <load_address>0xb25c</load_address>
         <run_address>0xb25c</run_address>
         <size>0x60</size>
         <input_file_ref idref="fl-b"/>
      </object_component>
      <object_component id="oc-448">
         <name>.text:invSqrt</name>
         <load_address>0xb2bc</load_address>
         <run_address>0xb2bc</run_address>
         <size>0x60</size>
         <input_file_ref idref="fl-a"/>
      </object_component>
      <object_component id="oc-40d">
         <name>.text</name>
         <load_address>0xb31c</load_address>
         <run_address>0xb31c</run_address>
         <size>0x60</size>
         <input_file_ref idref="fl-156"/>
      </object_component>
      <object_component id="oc-6d">
         <name>.text</name>
         <load_address>0xb37c</load_address>
         <run_address>0xb37c</run_address>
         <size>0x5e</size>
         <input_file_ref idref="fl-148"/>
      </object_component>
      <object_component id="oc-345">
         <name>.text:TimerConfigure</name>
         <load_address>0xb3dc</load_address>
         <run_address>0xb3dc</run_address>
         <size>0x5c</size>
         <input_file_ref idref="fl-181"/>
      </object_component>
      <object_component id="oc-63c">
         <name>.text:UARTwrite</name>
         <load_address>0xb438</load_address>
         <run_address>0xb438</run_address>
         <size>0x5c</size>
         <input_file_ref idref="fl-12"/>
      </object_component>
      <object_component id="oc-49f">
         <name>.text</name>
         <load_address>0xb494</load_address>
         <run_address>0xb494</run_address>
         <size>0x5c</size>
         <input_file_ref idref="fl-151"/>
      </object_component>
      <object_component id="oc-724">
         <name>.text</name>
         <load_address>0xb4f0</load_address>
         <run_address>0xb4f0</run_address>
         <size>0x5a</size>
         <input_file_ref idref="fl-176"/>
      </object_component>
      <object_component id="oc-5ba">
         <name>.text:SysCtlPeripheralReset</name>
         <load_address>0xb54c</load_address>
         <run_address>0xb54c</run_address>
         <size>0x50</size>
         <input_file_ref idref="fl-182"/>
      </object_component>
      <object_component id="oc-4b6">
         <name>.text:UARTTxFIFOIn</name>
         <load_address>0xb59c</load_address>
         <run_address>0xb59c</run_address>
         <size>0x4c</size>
         <input_file_ref idref="fl-f"/>
      </object_component>
      <object_component id="oc-737">
         <name>.text</name>
         <load_address>0xb5e8</load_address>
         <run_address>0xb5e8</run_address>
         <size>0x4c</size>
         <input_file_ref idref="fl-16d"/>
      </object_component>
      <object_component id="oc-1ca">
         <name>.text</name>
         <load_address>0xb634</load_address>
         <run_address>0xb634</run_address>
         <size>0x4a</size>
         <input_file_ref idref="fl-150"/>
      </object_component>
      <object_component id="oc-2ef">
         <name>.text:GPIOPinConfigure</name>
         <load_address>0xb680</load_address>
         <run_address>0xb680</run_address>
         <size>0x48</size>
         <input_file_ref idref="fl-185"/>
      </object_component>
      <object_component id="oc-1f4">
         <name>.text:constrainf</name>
         <load_address>0xb6c8</load_address>
         <run_address>0xb6c8</run_address>
         <size>0x48</size>
         <input_file_ref idref="fl-2"/>
      </object_component>
      <object_component id="oc-10">
         <name>.text</name>
         <load_address>0xb710</load_address>
         <run_address>0xb710</run_address>
         <size>0x48</size>
         <input_file_ref idref="fl-146"/>
      </object_component>
      <object_component id="oc-720">
         <name>.text</name>
         <load_address>0xb758</load_address>
         <run_address>0xb758</run_address>
         <size>0x48</size>
         <input_file_ref idref="fl-172"/>
      </object_component>
      <object_component id="oc-472">
         <name>.text:applyDeadband</name>
         <load_address>0xb7a0</load_address>
         <run_address>0xb7a0</run_address>
         <size>0x46</size>
         <input_file_ref idref="fl-2"/>
      </object_component>
      <object_component id="oc-142">
         <name>.text:TickTock_Init</name>
         <load_address>0xb7e8</load_address>
         <run_address>0xb7e8</run_address>
         <size>0x44</size>
         <input_file_ref idref="fl-15"/>
      </object_component>
      <object_component id="oc-b2">
         <name>.text</name>
         <load_address>0xb82c</load_address>
         <run_address>0xb82c</run_address>
         <size>0x44</size>
         <input_file_ref idref="fl-16f"/>
      </object_component>
      <object_component id="oc-53">
         <name>.text</name>
         <load_address>0xb870</load_address>
         <run_address>0xb870</run_address>
         <size>0x44</size>
         <input_file_ref idref="fl-14b"/>
      </object_component>
      <object_component id="oc-670">
         <name>.text</name>
         <load_address>0xb8b4</load_address>
         <run_address>0xb8b4</run_address>
         <size>0x44</size>
         <input_file_ref idref="fl-162"/>
      </object_component>
      <object_component id="oc-37e">
         <name>.text:SSIConfigSetExpClk</name>
         <load_address>0xb8f8</load_address>
         <run_address>0xb8f8</run_address>
         <size>0x42</size>
         <input_file_ref idref="fl-183"/>
      </object_component>
      <object_component id="oc-641">
         <name>.text</name>
         <load_address>0xb93a</load_address>
         <run_address>0xb93a</run_address>
         <size>0x42</size>
         <input_file_ref idref="fl-15b"/>
      </object_component>
      <object_component id="oc-33f">
         <name>.text:EEPROMInit</name>
         <load_address>0xb97c</load_address>
         <run_address>0xb97c</run_address>
         <size>0x40</size>
         <input_file_ref idref="fl-186"/>
      </object_component>
      <object_component id="oc-7a6">
         <name>.text</name>
         <load_address>0xb9bc</load_address>
         <run_address>0xb9bc</run_address>
         <size>0x40</size>
         <input_file_ref idref="fl-17a"/>
      </object_component>
      <object_component id="oc-174">
         <name>.text:Sonar_Trig</name>
         <load_address>0xb9fc</load_address>
         <run_address>0xb9fc</run_address>
         <size>0x3c</size>
         <input_file_ref idref="fl-4"/>
      </object_component>
      <object_component id="oc-702">
         <name>.text:_EEPROMSectorMaskSet</name>
         <load_address>0xba38</load_address>
         <run_address>0xba38</run_address>
         <size>0x3c</size>
         <input_file_ref idref="fl-186"/>
      </object_component>
      <object_component id="oc-332">
         <name>.text:OLED_Set_Pos</name>
         <load_address>0xba74</load_address>
         <run_address>0xba74</run_address>
         <size>0x3a</size>
         <input_file_ref idref="fl-9"/>
      </object_component>
      <object_component id="oc-133">
         <name>.text:ClockCounter_Init</name>
         <load_address>0xbab0</load_address>
         <run_address>0xbab0</run_address>
         <size>0x38</size>
         <input_file_ref idref="fl-10"/>
      </object_component>
      <object_component id="oc-1e3">
         <name>.text</name>
         <load_address>0xbae8</load_address>
         <run_address>0xbae8</run_address>
         <size>0x38</size>
         <input_file_ref idref="fl-152"/>
      </object_component>
      <object_component id="oc-232">
         <name>.text</name>
         <load_address>0xbb20</load_address>
         <run_address>0xbb20</run_address>
         <size>0x36</size>
         <input_file_ref idref="fl-15f"/>
      </object_component>
      <object_component id="oc-3a6">
         <name>.text:EEPROMRead</name>
         <load_address>0xbb58</load_address>
         <run_address>0xbb58</run_address>
         <size>0x34</size>
         <input_file_ref idref="fl-186"/>
      </object_component>
      <object_component id="oc-29c">
         <name>.text:MadgwickAHRSInit</name>
         <load_address>0xbb8c</load_address>
         <run_address>0xbb8c</run_address>
         <size>0x34</size>
         <input_file_ref idref="fl-a"/>
      </object_component>
      <object_component id="oc-2ea">
         <name>.text:SysCtlPeripheralEnable</name>
         <load_address>0xbbc0</load_address>
         <run_address>0xbbc0</run_address>
         <size>0x34</size>
         <input_file_ref idref="fl-182"/>
      </object_component>
      <object_component id="oc-6fd">
         <name>.text:_EEPROMSectorMaskClear</name>
         <load_address>0xbbf4</load_address>
         <run_address>0xbbf4</run_address>
         <size>0x34</size>
         <input_file_ref idref="fl-186"/>
      </object_component>
      <object_component id="oc-6dc">
         <name>.text</name>
         <load_address>0xbc28</load_address>
         <run_address>0xbc28</run_address>
         <size>0x34</size>
         <input_file_ref idref="fl-173"/>
      </object_component>
      <object_component id="oc-5f3">
         <name>.text</name>
         <load_address>0xbc5c</load_address>
         <run_address>0xbc5c</run_address>
         <size>0x34</size>
         <input_file_ref idref="fl-165"/>
      </object_component>
      <object_component id="oc-5f8">
         <name>.text</name>
         <load_address>0xbc90</load_address>
         <run_address>0xbc90</run_address>
         <size>0x30</size>
         <input_file_ref idref="fl-166"/>
      </object_component>
      <object_component id="oc-404">
         <name>.text</name>
         <load_address>0xbcc0</load_address>
         <run_address>0xbcc0</run_address>
         <size>0x2e</size>
         <input_file_ref idref="fl-153"/>
      </object_component>
      <object_component id="oc-76e">
         <name>.text</name>
         <load_address>0xbcee</load_address>
         <run_address>0xbcee</run_address>
         <size>0x2e</size>
         <input_file_ref idref="fl-179"/>
      </object_component>
      <object_component id="oc-1c2">
         <name>.text</name>
         <load_address>0xbd1c</load_address>
         <run_address>0xbd1c</run_address>
         <size>0x2c</size>
         <input_file_ref idref="fl-15e"/>
      </object_component>
      <object_component id="oc-58b">
         <name>.text:GPIODirModeSet</name>
         <load_address>0xbd48</load_address>
         <run_address>0xbd48</run_address>
         <size>0x2a</size>
         <input_file_ref idref="fl-185"/>
      </object_component>
      <object_component id="oc-244">
         <name>.text:constrain</name>
         <load_address>0xbd72</load_address>
         <run_address>0xbd72</run_address>
         <size>0x28</size>
         <input_file_ref idref="fl-2"/>
      </object_component>
      <object_component id="oc-559">
         <name>.text:PID_CleariTerm</name>
         <load_address>0xbd9c</load_address>
         <run_address>0xbd9c</run_address>
         <size>0x24</size>
         <input_file_ref idref="fl-7"/>
      </object_component>
      <object_component id="oc-165">
         <name>.text:UARTprintf</name>
         <load_address>0xbdc0</load_address>
         <run_address>0xbdc0</run_address>
         <size>0x24</size>
         <input_file_ref idref="fl-12"/>
      </object_component>
      <object_component id="oc-5ec">
         <name>.text:delay_us</name>
         <load_address>0xbde4</load_address>
         <run_address>0xbde4</run_address>
         <size>0x22</size>
         <input_file_ref idref="fl-8"/>
      </object_component>
      <object_component id="oc-550">
         <name>.text</name>
         <load_address>0xbe06</load_address>
         <run_address>0xbe06</run_address>
         <size>0x20</size>
         <input_file_ref idref="fl-15c"/>
      </object_component>
      <object_component id="oc-5e4">
         <name>.text:MPU9250_Delay_nop</name>
         <load_address>0xbe26</load_address>
         <run_address>0xbe26</run_address>
         <size>0x1c</size>
         <input_file_ref idref="fl-b"/>
      </object_component>
      <object_component id="oc-147">
         <name>.text:Sonar_Init</name>
         <load_address>0xbe44</load_address>
         <run_address>0xbe44</run_address>
         <size>0x1c</size>
         <input_file_ref idref="fl-4"/>
      </object_component>
      <object_component id="oc-732">
         <name>.text</name>
         <load_address>0xbe60</load_address>
         <run_address>0xbe60</run_address>
         <size>0x1c</size>
         <input_file_ref idref="fl-177"/>
      </object_component>
      <object_component id="oc-313">
         <name>.text:GPIOPinTypeGPIOOutput</name>
         <load_address>0xbe7c</load_address>
         <run_address>0xbe7c</run_address>
         <size>0x18</size>
         <input_file_ref idref="fl-185"/>
      </object_component>
      <object_component id="oc-36f">
         <name>.text:TimerControlLevel</name>
         <load_address>0xbe94</load_address>
         <run_address>0xbe94</run_address>
         <size>0x18</size>
         <input_file_ref idref="fl-181"/>
      </object_component>
      <object_component id="oc-4e">
         <name>.text</name>
         <load_address>0xbeac</load_address>
         <run_address>0xbeac</run_address>
         <size>0x18</size>
         <input_file_ref idref="fl-16c"/>
      </object_component>
      <object_component id="oc-717">
         <name>.text</name>
         <load_address>0xbec4</load_address>
         <run_address>0xbec4</run_address>
         <size>0x18</size>
         <input_file_ref idref="fl-175"/>
      </object_component>
      <object_component id="oc-16f">
         <name>.text:TimerValueGet64</name>
         <load_address>0xbedc</load_address>
         <run_address>0xbedc</run_address>
         <size>0x16</size>
         <input_file_ref idref="fl-181"/>
      </object_component>
      <object_component id="oc-12e">
         <name>.text:EEPROM_Init</name>
         <load_address>0xbef4</load_address>
         <run_address>0xbef4</run_address>
         <size>0x14</size>
         <input_file_ref idref="fl-e"/>
      </object_component>
      <object_component id="oc-2cb">
         <name>.text</name>
         <load_address>0xbf08</load_address>
         <run_address>0xbf08</run_address>
         <size>0x14</size>
         <input_file_ref idref="fl-16a"/>
      </object_component>
      <object_component id="oc-71b">
         <name>.text</name>
         <load_address>0xbf1c</load_address>
         <run_address>0xbf1c</run_address>
         <size>0x14</size>
         <input_file_ref idref="fl-17b"/>
      </object_component>
      <object_component id="oc-318">
         <name>.text:GPIOPinTypeGPIOInput</name>
         <load_address>0xbf30</load_address>
         <run_address>0xbf30</run_address>
         <size>0x12</size>
         <input_file_ref idref="fl-185"/>
      </object_component>
      <object_component id="oc-379">
         <name>.text:GPIOPinTypeSSI</name>
         <load_address>0xbf42</load_address>
         <run_address>0xbf42</run_address>
         <size>0x12</size>
         <input_file_ref idref="fl-185"/>
      </object_component>
      <object_component id="oc-355">
         <name>.text:GPIOPinTypeTimer</name>
         <load_address>0xbf54</load_address>
         <run_address>0xbf54</run_address>
         <size>0x12</size>
         <input_file_ref idref="fl-185"/>
      </object_component>
      <object_component id="oc-2f4">
         <name>.text:GPIOPinTypeUART</name>
         <load_address>0xbf66</load_address>
         <run_address>0xbf66</run_address>
         <size>0x12</size>
         <input_file_ref idref="fl-185"/>
      </object_component>
      <object_component id="oc-189">
         <name>.text:MPU9250_GetMag</name>
         <load_address>0xbf78</load_address>
         <run_address>0xbf78</run_address>
         <size>0x12</size>
         <input_file_ref idref="fl-b"/>
      </object_component>
      <object_component id="oc-35a">
         <name>.text:TimerControlEvent</name>
         <load_address>0xbf8a</load_address>
         <run_address>0xbf8a</run_address>
         <size>0x12</size>
         <input_file_ref idref="fl-181"/>
      </object_component>
      <object_component id="oc-35f">
         <name>.text:TimerLoadSet</name>
         <load_address>0xbf9c</load_address>
         <run_address>0xbf9c</run_address>
         <size>0x12</size>
         <input_file_ref idref="fl-181"/>
      </object_component>
      <object_component id="oc-36a">
         <name>.text:TimerPrescaleSet</name>
         <load_address>0xbfae</load_address>
         <run_address>0xbfae</run_address>
         <size>0x12</size>
         <input_file_ref idref="fl-181"/>
      </object_component>
      <object_component id="oc-19">
         <name>.text:decompress:ZI</name>
         <load_address>0xbfc0</load_address>
         <run_address>0xbfc0</run_address>
         <size>0x12</size>
         <input_file_ref idref="fl-149"/>
      </object_component>
      <object_component id="oc-72d">
         <name>.text</name>
         <load_address>0xbfd2</load_address>
         <run_address>0xbfd2</run_address>
         <size>0x12</size>
         <input_file_ref idref="fl-17c"/>
      </object_component>
      <object_component id="oc-5b5">
         <name>.text:_EEPROMWaitForDone</name>
         <load_address>0xbfe4</load_address>
         <run_address>0xbfe4</run_address>
         <size>0x10</size>
         <input_file_ref idref="fl-186"/>
      </object_component>
      <object_component id="oc-34f">
         <name>.text:TimerEnable</name>
         <load_address>0xbff4</load_address>
         <run_address>0xbff4</run_address>
         <size>0xe</size>
         <input_file_ref idref="fl-181"/>
      </object_component>
      <object_component id="oc-14">
         <name>.text:decompress:none</name>
         <load_address>0xc002</load_address>
         <run_address>0xc002</run_address>
         <size>0xe</size>
         <input_file_ref idref="fl-147"/>
      </object_component>
      <object_component id="oc-599">
         <name>.text:CPUcpsie</name>
         <load_address>0xc010</load_address>
         <run_address>0xc010</run_address>
         <size>0xc</size>
         <input_file_ref idref="fl-187"/>
      </object_component>
      <object_component id="oc-5d9">
         <name>.text:SSIDataGet</name>
         <load_address>0xc01c</load_address>
         <run_address>0xc01c</run_address>
         <size>0xc</size>
         <input_file_ref idref="fl-183"/>
      </object_component>
      <object_component id="oc-303">
         <name>.text:IntMasterEnable</name>
         <load_address>0xc028</load_address>
         <run_address>0xc028</run_address>
         <size>0xa</size>
         <input_file_ref idref="fl-184"/>
      </object_component>
      <object_component id="oc-5d4">
         <name>.text:SSIDataPut</name>
         <load_address>0xc032</load_address>
         <run_address>0xc032</run_address>
         <size>0xa</size>
         <input_file_ref idref="fl-183"/>
      </object_component>
      <object_component id="oc-383">
         <name>.text:SSIEnable</name>
         <load_address>0xc03c</load_address>
         <run_address>0xc03c</run_address>
         <size>0xa</size>
         <input_file_ref idref="fl-183"/>
      </object_component>
      <object_component id="oc-9d">
         <name>.text:TimerValueGet</name>
         <load_address>0xc046</load_address>
         <run_address>0xc046</run_address>
         <size>0xa</size>
         <input_file_ref idref="fl-181"/>
      </object_component>
      <object_component id="oc-2fe">
         <name>.text:UARTFIFODisable</name>
         <load_address>0xc050</load_address>
         <run_address>0xc050</run_address>
         <size>0xa</size>
         <input_file_ref idref="fl-180"/>
      </object_component>
      <object_component id="oc-5cf">
         <name>.text:SSIBusy</name>
         <load_address>0xc05a</load_address>
         <run_address>0xc05a</run_address>
         <size>0x8</size>
         <input_file_ref idref="fl-183"/>
      </object_component>
      <object_component id="oc-364">
         <name>.text:TimerIntEnable</name>
         <load_address>0xc062</load_address>
         <run_address>0xc062</run_address>
         <size>0x8</size>
         <input_file_ref idref="fl-181"/>
      </object_component>
      <object_component id="oc-34a">
         <name>.text:TimerLoadSet64</name>
         <load_address>0xc06a</load_address>
         <run_address>0xc06a</run_address>
         <size>0x8</size>
         <input_file_ref idref="fl-181"/>
      </object_component>
      <object_component id="oc-308">
         <name>.text:UARTIntEnable</name>
         <load_address>0xc072</load_address>
         <run_address>0xc072</run_address>
         <size>0x8</size>
         <input_file_ref idref="fl-180"/>
      </object_component>
      <object_component id="oc-291">
         <name>.text:GPIOPinRead</name>
         <load_address>0xc07a</load_address>
         <run_address>0xc07a</run_address>
         <size>0x6</size>
         <input_file_ref idref="fl-185"/>
      </object_component>
      <object_component id="oc-129">
         <name>.text:GPIOPinWrite</name>
         <load_address>0xc080</load_address>
         <run_address>0xc080</run_address>
         <size>0x6</size>
         <input_file_ref idref="fl-185"/>
      </object_component>
      <object_component id="oc-24">
         <name>.text:ResetISR</name>
         <load_address>0xc086</load_address>
         <run_address>0xc086</run_address>
         <size>0x6</size>
         <input_file_ref idref="fl-14"/>
      </object_component>
      <object_component id="oc-2e7">
         <name>.text:SysCtlDelay</name>
         <load_address>0xc08c</load_address>
         <run_address>0xc08c</run_address>
         <size>0x6</size>
         <input_file_ref idref="fl-182"/>
      </object_component>
      <object_component id="oc-1e">
         <name>.text:decompress:rle24</name>
         <load_address>0xc092</load_address>
         <run_address>0xc092</run_address>
         <size>0x6</size>
         <input_file_ref idref="fl-148"/>
      </object_component>
      <object_component id="oc-429">
         <name>.text</name>
         <load_address>0xc098</load_address>
         <run_address>0xc098</run_address>
         <size>0x6</size>
         <input_file_ref idref="fl-14a"/>
      </object_component>
      <object_component id="oc-424">
         <name>.text</name>
         <load_address>0xc09e</load_address>
         <run_address>0xc09e</run_address>
         <size>0x6</size>
         <input_file_ref idref="fl-155"/>
      </object_component>
      <object_component id="oc-86">
         <name>.text:TimerIntClear</name>
         <load_address>0xc0a4</load_address>
         <run_address>0xc0a4</run_address>
         <size>0x4</size>
         <input_file_ref idref="fl-181"/>
      </object_component>
      <object_component id="oc-637">
         <name>.const:.string:F8X16</name>
         <load_address>0xc0a8</load_address>
         <run_address>0xc0a8</run_address>
         <size>0x5f0</size>
         <input_file_ref idref="fl-9"/>
      </object_component>
      <object_component id="oc-78d">
         <name>.const:.string:_ctypes_</name>
         <load_address>0xc698</load_address>
         <run_address>0xc698</run_address>
         <size>0x102</size>
         <input_file_ref idref="fl-170"/>
      </object_component>
      <object_component id="oc-412">
         <name>.const:$P$T0$1</name>
         <load_address>0xc79a</load_address>
         <run_address>0xc79a</run_address>
         <size>0x96</size>
         <input_file_ref idref="fl-c"/>
      </object_component>
      <object_component id="oc-588">
         <name>.const:g_pui32GPIOBaseAddrs</name>
         <load_address>0xc830</load_address>
         <run_address>0xc830</run_address>
         <size>0x90</size>
         <input_file_ref idref="fl-185"/>
      </object_component>
      <object_component id="oc-75a">
         <name>.const</name>
         <load_address>0xc8c0</load_address>
         <run_address>0xc8c0</run_address>
         <size>0x88</size>
         <input_file_ref idref="fl-160"/>
      </object_component>
      <object_component id="oc-5e9">
         <name>.const:$P$T0$1</name>
         <load_address>0xc948</load_address>
         <run_address>0xc948</run_address>
         <size>0x70</size>
         <input_file_ref idref="fl-b"/>
      </object_component>
      <object_component id="oc-634">
         <name>.const:.string:F14x16</name>
         <load_address>0xc9b8</load_address>
         <run_address>0xc9b8</run_address>
         <size>0x70</size>
         <input_file_ref idref="fl-9"/>
      </object_component>
      <object_component id="oc-5a0">
         <name>.const</name>
         <load_address>0xca28</load_address>
         <run_address>0xca28</run_address>
         <size>0x70</size>
         <input_file_ref idref="fl-184"/>
      </object_component>
      <object_component id="oc-5a7">
         <name>.const:g_pui32Xtals</name>
         <load_address>0xca98</load_address>
         <run_address>0xca98</run_address>
         <size>0x6c</size>
         <input_file_ref idref="fl-182"/>
      </object_component>
      <object_component id="oc-712">
         <name>.const</name>
         <load_address>0xcb04</load_address>
         <run_address>0xcb04</run_address>
         <size>0x34</size>
         <input_file_ref idref="fl-164"/>
      </object_component>
      <object_component id="oc-74f">
         <name>.const</name>
         <load_address>0xcb38</load_address>
         <run_address>0xcb38</run_address>
         <size>0x28</size>
         <input_file_ref idref="fl-167"/>
      </object_component>
      <object_component id="oc-604">
         <name>.const</name>
         <load_address>0xcb60</load_address>
         <run_address>0xcb60</run_address>
         <size>0x1c</size>
         <input_file_ref idref="fl-15a"/>
      </object_component>
      <object_component id="oc-591">
         <name>.const</name>
         <load_address>0xcb7c</load_address>
         <run_address>0xcb7c</run_address>
         <size>0x1c</size>
         <input_file_ref idref="fl-12"/>
      </object_component>
      <object_component id="oc-6bd">
         <name>.const:.string</name>
         <load_address>0xcb98</load_address>
         <run_address>0xcb98</run_address>
         <size>0x12</size>
         <input_file_ref idref="fl-12"/>
      </object_component>
      <object_component id="oc-632">
         <name>.const:.string</name>
         <load_address>0xcbaa</load_address>
         <run_address>0xcbaa</run_address>
         <size>0xc</size>
         <input_file_ref idref="fl-9"/>
      </object_component>
      <object_component id="oc-4af">
         <name>.const</name>
         <load_address>0xcbb8</load_address>
         <run_address>0xcbb8</run_address>
         <size>0x4</size>
         <input_file_ref idref="fl-6"/>
      </object_component>
      <object_component id="oc-7fb">
         <name>.cinit..data.load</name>
         <load_address>0xcbc0</load_address>
         <run_address>0xcbc0</run_address>
         <size>0x81</size>
      </object_component>
      <object_component id="oc-7f9">
         <name>__TI_handler_table</name>
         <load_address>0xcc44</load_address>
         <run_address>0xcc44</run_address>
         <size>0xc</size>
      </object_component>
      <object_component id="oc-7fc">
         <name>.cinit..bss.load</name>
         <load_address>0xcc50</load_address>
         <run_address>0xcc50</run_address>
         <size>0x8</size>
      </object_component>
      <object_component id="oc-7fa">
         <name>__TI_cinit_table</name>
         <load_address>0xcc58</load_address>
         <run_address>0xcc58</run_address>
         <size>0x10</size>
      </object_component>
      <object_component id="oc-58">
         <name>.data</name>
         <load_address>0x20001d00</load_address>
         <run_address>0x20001d00</run_address>
         <size>0x4</size>
         <input_file_ref idref="fl-158"/>
      </object_component>
      <object_component id="oc-80">
         <name>.data</name>
         <load_address>0x20001cf9</load_address>
         <run_address>0x20001cf9</run_address>
         <size>0x1</size>
         <input_file_ref idref="fl-f"/>
      </object_component>
      <object_component id="oc-8b">
         <name>.data</name>
         <load_address>0x20001c38</load_address>
         <run_address>0x20001c38</run_address>
         <size>0x40</size>
         <input_file_ref idref="fl-15"/>
      </object_component>
      <object_component id="oc-a2">
         <name>.data</name>
         <load_address>0x20001be8</load_address>
         <run_address>0x20001be8</run_address>
         <size>0x50</size>
         <input_file_ref idref="fl-5"/>
      </object_component>
      <object_component id="oc-bf">
         <name>.data</name>
         <load_address>0x20001cdc</load_address>
         <run_address>0x20001cdc</run_address>
         <size>0x8</size>
         <input_file_ref idref="fl-16a"/>
      </object_component>
      <object_component id="oc-c1">
         <name>.data</name>
         <load_address>0x20001ce4</load_address>
         <run_address>0x20001ce4</run_address>
         <size>0x8</size>
         <input_file_ref idref="fl-14b"/>
      </object_component>
      <object_component id="oc-44d">
         <name>.data</name>
         <load_address>0x20001cb8</load_address>
         <run_address>0x20001cb8</run_address>
         <size>0x14</size>
         <input_file_ref idref="fl-a"/>
      </object_component>
      <object_component id="oc-47d">
         <name>.data</name>
         <load_address>0x20001ca0</load_address>
         <run_address>0x20001ca0</run_address>
         <size>0x18</size>
         <input_file_ref idref="fl-d"/>
      </object_component>
      <object_component id="oc-4a3">
         <name>.data</name>
         <load_address>0x20001c78</load_address>
         <run_address>0x20001c78</run_address>
         <size>0x28</size>
         <input_file_ref idref="fl-7"/>
      </object_component>
      <object_component id="oc-4d9">
         <name>.data</name>
         <load_address>0x20001ccc</load_address>
         <run_address>0x20001ccc</run_address>
         <size>0x10</size>
         <input_file_ref idref="fl-4"/>
      </object_component>
      <object_component id="oc-593">
         <name>.data</name>
         <load_address>0x20001cf4</load_address>
         <run_address>0x20001cf4</run_address>
         <size>0x5</size>
         <input_file_ref idref="fl-12"/>
      </object_component>
      <object_component id="oc-602">
         <name>.data</name>
         <load_address>0x20001b80</load_address>
         <run_address>0x20001b80</run_address>
         <size>0x68</size>
         <input_file_ref idref="fl-168"/>
      </object_component>
      <object_component id="oc-67a">
         <name>.data</name>
         <load_address>0x20001b00</load_address>
         <run_address>0x20001b00</run_address>
         <size>0x80</size>
         <input_file_ref idref="fl-169"/>
      </object_component>
      <object_component id="oc-6e1">
         <name>.data</name>
         <load_address>0x20001cfc</load_address>
         <run_address>0x20001cfc</run_address>
         <size>0x4</size>
         <input_file_ref idref="fl-171"/>
      </object_component>
      <object_component id="oc-773">
         <name>.data</name>
         <load_address>0x20001cec</load_address>
         <run_address>0x20001cec</run_address>
         <size>0x8</size>
         <input_file_ref idref="fl-173"/>
      </object_component>
      <object_component id="oc-7cc">
         <name>.data:sigtable</name>
         <load_address>0x20001a50</load_address>
         <run_address>0x20001a50</run_address>
         <size>0xb0</size>
         <input_file_ref idref="fl-17a"/>
      </object_component>
      <object_component id="oc-82">
         <name>.bss:Debugger_RxFIFO</name>
         <uninitialized>true</uninitialized>
         <run_address>0x20001694</run_address>
         <size>0x34</size>
         <input_file_ref idref="fl-f"/>
      </object_component>
      <object_component id="oc-253">
         <name>.bss:OpticalFlow</name>
         <uninitialized>true</uninitialized>
         <run_address>0x200016fc</run_address>
         <size>0x30</size>
         <input_file_ref idref="fl-8"/>
      </object_component>
      <object_component id="oc-2b8">
         <name>.bss:UARTTxFIFO</name>
         <uninitialized>true</uninitialized>
         <run_address>0x20001500</run_address>
         <size>0x194</size>
         <input_file_ref idref="fl-f"/>
      </object_component>
      <object_component id="oc-4bb">
         <name>.bss:Debugger_TxFIFO</name>
         <uninitialized>true</uninitialized>
         <run_address>0x200016c8</run_address>
         <size>0x34</size>
         <input_file_ref idref="fl-f"/>
      </object_component>
      <object_component id="oc-3f6">
         <name>.common:rxCommand</name>
         <uninitialized>true</uninitialized>
         <run_address>0x2000182c</run_address>
         <size>0x14</size>
      </object_component>
      <object_component id="oc-4ae">
         <name>.common:PPM_Period</name>
         <uninitialized>true</uninitialized>
         <run_address>0x200019ec</run_address>
         <size>0x4</size>
      </object_component>
      <object_component id="oc-4e1">
         <name>.common:lastsonarAlt$2</name>
         <uninitialized>true</uninitialized>
         <run_address>0x20001a20</run_address>
         <size>0x4</size>
      </object_component>
      <object_component id="oc-6b6">
         <name>.common:PID_Pitch</name>
         <uninitialized>true</uninitialized>
         <run_address>0x2000178c</run_address>
         <size>0x20</size>
      </object_component>
      <object_component id="oc-6b7">
         <name>.common:PID_Roll</name>
         <uninitialized>true</uninitialized>
         <run_address>0x200017ec</run_address>
         <size>0x20</size>
      </object_component>
      <object_component id="oc-6b8">
         <name>.common:PID_Yaw</name>
         <uninitialized>true</uninitialized>
[...]
      </symbol>
      <symbol id="sm-c0d">
         <name>__TI_cleanup_ptr</name>
         <value>0x20001ce4</value>
         <object_component_ref idref="oc-c1"/>
      </symbol>
      <symbol id="sm-c23">
         <name>__aeabi_dsub</name>
         <value>0x7a71</value>
         <object_component_ref idref="oc-1e7"/>
      </symbol>
      <symbol id="sm-c24">
         <name>__aeabi_dadd</name>
         <value>0x7a7b</value>
         <object_component_ref idref="oc-1e7"/>
      </symbol>
      <symbol id="sm-c44">
         <name>__aeabi_cdcmpeq</name>
         <value>0xab39</value>
         <object_component_ref idref="oc-263"/>
      </symbol>
      <symbol id="sm-c45">
         <name>__aeabi_cdcmple</name>
         <value>0xab39</value>
         <object_component_ref idref="oc-263"/>
      </symbol>
      <symbol id="sm-c46">
         <name>__aeabi_cdrcmple</name>
         <value>0xabbf</value>
         <object_component_ref idref="oc-24e"/>
      </symbol>
      <symbol id="sm-c59">
         <name>__aeabi_ddiv</name>
         <value>0x8a5d</value>
         <object_component_ref idref="oc-1eb"/>
      </symbol>
      <symbol id="sm-c63">
         <name>__aeabi_dmul</name>
         <value>0x9a29</value>
         <object_component_ref idref="oc-1c6"/>
      </symbol>
      <symbol id="sm-c6c">
         <name>__aeabi_d2f</name>
         <value>0xb635</value>
         <object_component_ref idref="oc-1ca"/>
      </symbol>
      <symbol id="sm-c75">
         <name>__aeabi_d2ulz</name>
         <value>0xb495</value>
         <object_component_ref idref="oc-49f"/>
      </symbol>
      <symbol id="sm-c7f">
         <name>__aeabi_f2d</name>
         <value>0xbae9</value>
         <object_component_ref idref="oc-1e3"/>
      </symbol>
      <symbol id="sm-c88">
         <name>__aeabi_i2d</name>
         <value>0xbcc1</value>
         <object_component_ref idref="oc-404"/>
      </symbol>
      <symbol id="sm-ca2">
         <name>memcpy</name>
         <value>0xa8f9</value>
         <object_component_ref idref="oc-5b"/>
      </symbol>
      <symbol id="sm-ca3">
         <name>__aeabi_memcpy</name>
         <value>0xa8f9</value>
         <object_component_ref idref="oc-5b"/>
      </symbol>
      <symbol id="sm-ca4">
         <name>__aeabi_memcpy8</name>
         <value>0xa8f9</value>
         <object_component_ref idref="oc-5b"/>
      </symbol>
      <symbol id="sm-ca5">
         <name>__aeabi_memcpy4</name>
         <value>0xa8f9</value>
         <object_component_ref idref="oc-5b"/>
      </symbol>
      <symbol id="sm-cb1">
         <name>sinf</name>
         <value>0xc09f</value>
         <object_component_ref idref="oc-424"/>
      </symbol>
      <symbol id="sm-cc9">
         <name>sprintf</name>
         <value>0xb31d</value>
         <object_component_ref idref="oc-40d"/>
      </symbol>
      <symbol id="sm-cdf">
         <name>sqrt</name>
         <value>0x8915</value>
         <object_component_ref idref="oc-4f5"/>
      </symbol>
      <symbol id="sm-ce6">
         <name>main_func_sp</name>
         <value>0x20001d00</value>
         <object_component_ref idref="oc-58"/>
      </symbol>
      <symbol id="sm-d14">
         <name>tanf</name>
         <value>0x87c9</value>
         <object_component_ref idref="oc-39d"/>
      </symbol>
      <symbol id="sm-d23">
         <name>__aeabi_uidivmod</name>
         <value>0xb93b</value>
         <object_component_ref idref="oc-641"/>
      </symbol>
      <symbol id="sm-d2c">
         <name>__aeabi_ui2d</name>
         <value>0xbe07</value>
         <object_component_ref idref="oc-550"/>
      </symbol>
      <symbol id="sm-d47">
         <name>__aeabi_uldivmod</name>
         <value>0x6da5</value>
         <object_component_ref idref="oc-179"/>
      </symbol>
      <symbol id="sm-d50">
         <name>__aeabi_ul2d</name>
         <value>0xbd1d</value>
         <object_component_ref idref="oc-1c2"/>
      </symbol>
      <symbol id="sm-d5a">
         <name>__aeabi_ul2f</name>
         <value>0xbb21</value>
         <object_component_ref idref="oc-232"/>
      </symbol>
      <symbol id="sm-d7a">
         <name>_Atan</name>
         <value>0x7db5</value>
         <object_component_ref idref="oc-675"/>
      </symbol>
      <symbol id="sm-d94">
         <name>_Dscale</name>
         <value>0x981d</value>
         <object_component_ref idref="oc-699"/>
      </symbol>
      <symbol id="sm-da5">
         <name>_Dtest</name>
         <value>0xb8b5</value>
         <object_component_ref idref="oc-670"/>
      </symbol>
      <symbol id="sm-db8">
         <name>_Dunscale</name>
         <value>0xb0d5</value>
         <object_component_ref idref="oc-694"/>
      </symbol>
      <symbol id="sm-dd7">
         <name>_FAtan</name>
         <value>0xa7b1</value>
         <object_component_ref idref="oc-64a"/>
      </symbol>
      <symbol id="sm-de8">
         <name>_FDtest</name>
         <value>0xbc5d</value>
         <object_component_ref idref="oc-5f3"/>
      </symbol>
      <symbol id="sm-df6">
         <name>_Feraise</name>
         <value>0xbc91</value>
         <object_component_ref idref="oc-5f8"/>
      </symbol>
      <symbol id="sm-e27">
         <name>_FSin</name>
         <value>0x8225</value>
         <object_component_ref idref="oc-663"/>
      </symbol>
      <symbol id="sm-e35">
         <name>_FZero</name>
         <value>0x20001be4</value>
         <object_component_ref idref="oc-602"/>
      </symbol>
      <symbol id="sm-e36">
         <name>_FRteps</name>
         <value>0x20001bd0</value>
         <object_component_ref idref="oc-602"/>
      </symbol>
      <symbol id="sm-e37">
         <name>_FSnan</name>
         <value>0x20001bc0</value>
         <object_component_ref idref="oc-602"/>
      </symbol>
      <symbol id="sm-e38">
         <name>_FNan</name>
         <value>0x20001bb0</value>
         <object_component_ref idref="oc-602"/>
      </symbol>
      <symbol id="sm-e39">
         <name>_FInf</name>
         <value>0x20001ba0</value>
         <object_component_ref idref="oc-602"/>
      </symbol>
      <symbol id="sm-e3a">
         <name>_FEps</name>
         <value>0x20001b90</value>
         <object_component_ref idref="oc-602"/>
      </symbol>
      <symbol id="sm-e3b">
         <name>_FXbig</name>
         <value>0x20001be0</value>
         <object_component_ref idref="oc-602"/>
      </symbol>
      <symbol id="sm-e3c">
         <name>_FDenorm</name>
         <value>0x20001b80</value>
         <object_component_ref idref="oc-602"/>
      </symbol>
      <symbol id="sm-e4b">
         <name>_Rteps</name>
         <value>0x20001b60</value>
         <object_component_ref idref="oc-67a"/>
      </symbol>
      <symbol id="sm-e4c">
         <name>_Zero</name>
         <value>0x20001b78</value>
         <object_component_ref idref="oc-67a"/>
      </symbol>
      <symbol id="sm-e4d">
         <name>_Hugeval</name>
         <value>0x20001b20</value>
         <object_component_ref idref="oc-67a"/>
      </symbol>
      <symbol id="sm-e4e">
         <name>_Snan</name>
         <value>0x20001b50</value>
         <object_component_ref idref="oc-67a"/>
      </symbol>
      <symbol id="sm-e4f">
         <name>_Nan</name>
         <value>0x20001b40</value>
         <object_component_ref idref="oc-67a"/>
      </symbol>
      <symbol id="sm-e50">
         <name>_Inf</name>
         <value>0x20001b30</value>
         <object_component_ref idref="oc-67a"/>
      </symbol>
      <symbol id="sm-e51">
         <name>_Xbig</name>
         <value>0x20001b70</value>
         <object_component_ref idref="oc-67a"/>
      </symbol>
      <symbol id="sm-e52">
         <name>_Eps</name>
         <value>0x20001b10</value>
         <object_component_ref idref="oc-67a"/>
      </symbol>
      <symbol id="sm-e53">
         <name>_Denorm</name>
         <value>0x20001b00</value>
         <object_component_ref idref="oc-67a"/>
      </symbol>
      <symbol id="sm-e69">
         <name>_nop</name>
         <value>0xbf17</value>
         <object_component_ref idref="oc-2cb"/>
      </symbol>
      <symbol id="sm-e6a">
         <name>_lock</name>
         <value>0x20001cdc</value>
         <object_component_ref idref="oc-bf"/>
      </symbol>
      <symbol id="sm-e6b">
         <name>_unlock</name>
         <value>0x20001ce0</value>
         <object_component_ref idref="oc-bf"/>
      </symbol>
      <symbol id="sm-e6c">
         <name>_register_lock</name>
         <value>0xbf0f</value>
         <object_component_ref idref="oc-2cb"/>
      </symbol>
      <symbol id="sm-e6d">
         <name>_register_unlock</name>
         <value>0xbf09</value>
         <object_component_ref idref="oc-2cb"/>
      </symbol>
      <symbol id="sm-f58">
         <name>__TI_printfi</name>
         <value>0x2a2f</value>
         <object_component_ref idref="oc-651"/>
      </symbol>
      <symbol id="sm-f6b">
         <name>_args_main</name>
         <value>0xbead</value>
         <object_component_ref idref="oc-4e"/>
      </symbol>
      <symbol id="sm-f80">
         <name>atoi</name>
         <value>0xb5e9</value>
         <object_component_ref idref="oc-737"/>
      </symbol>
      <symbol id="sm-f9c">
         <name>__TI_auto_init</name>
         <value>0xa995</value>
         <object_component_ref idref="oc-4a"/>
      </symbol>
      <symbol id="sm-fb4">
         <name>copy_in</name>
         <value>0xb82d</value>
         <object_component_ref idref="oc-b2"/>
      </symbol>
      <symbol id="sm-fbe">
         <name>_ctypes_</name>
         <value>0xc698</value>
         <object_component_ref idref="oc-78d"/>
      </symbol>
      <symbol id="sm-fc5">
         <name>_Errno</name>
         <value>0x20001cfc</value>
         <object_component_ref idref="oc-6e1"/>
      </symbol>
      <symbol id="sm-fce">
         <name>__aeabi_d2iz</name>
         <value>0xb759</value>
         <object_component_ref idref="oc-720"/>
      </symbol>
      <symbol id="sm-fe9">
         <name>feraiseexcept</name>
         <value>0xbc29</value>
         <object_component_ref idref="oc-6dc"/>
      </symbol>
      <symbol id="sm-fea">
         <name>_Tls_setup__Fenv</name>
         <value>0x20001cf0</value>
         <object_component_ref idref="oc-773"/>
      </symbol>
      <symbol id="sm-feb">
         <name>_Fenv</name>
         <value>0x20001cec</value>
         <object_component_ref idref="oc-773"/>
      </symbol>
      <symbol id="sm-100a">
         <name>fmodf</name>
         <value>0x9299</value>
         <object_component_ref idref="oc-5fd"/>
      </symbol>
      <symbol id="sm-1012">
         <name>__aeabi_lmul</name>
         <value>0xbec5</value>
         <object_component_ref idref="oc-717"/>
      </symbol>
      <symbol id="sm-1020">
         <name>ltoa</name>
         <value>0xb4f1</value>
         <object_component_ref idref="oc-724"/>
      </symbol>
      <symbol id="sm-102f">
         <name>memccpy</name>
         <value>0xbe61</value>
         <object_component_ref idref="oc-732"/>
      </symbol>
      <symbol id="sm-103d">
         <name>__aeabi_memset</name>
         <value>0xadb7</value>
         <object_component_ref idref="oc-729"/>
      </symbol>
      <symbol id="sm-103e">
         <name>memset</name>
         <value>0xadbd</value>
         <object_component_ref idref="oc-729"/>
      </symbol>
      <symbol id="sm-103f">
         <name>__aeabi_memset8</name>
         <value>0xadb7</value>
         <object_component_ref idref="oc-729"/>
      </symbol>
      <symbol id="sm-1040">
         <name>__aeabi_memset4</name>
         <value>0xadb7</value>
         <object_component_ref idref="oc-729"/>
      </symbol>
      <symbol id="sm-1041">
         <name>__aeabi_memclr8</name>
         <value>0xadb5</value>
         <object_component_ref idref="oc-729"/>
      </symbol>
      <symbol id="sm-1042">
         <name>__aeabi_memclr4</name>
         <value>0xadb5</value>
         <object_component_ref idref="oc-729"/>
      </symbol>
      <symbol id="sm-1043">
         <name>__aeabi_memclr</name>
         <value>0xadb5</value>
         <object_component_ref idref="oc-729"/>
      </symbol>
      <symbol id="sm-1056">
         <name>raise</name>
         <value>0xbcef</value>
         <object_component_ref idref="oc-76e"/>
      </symbol>
      <symbol id="sm-106e">
         <name>signal</name>
         <value>0xb9bd</value>
         <object_component_ref idref="oc-7a6"/>
      </symbol>
      <symbol id="sm-107b">
         <name>strlen</name>
         <value>0xbf1d</value>
         <object_component_ref idref="oc-71b"/>
      </symbol>
      <symbol id="sm-1084">
         <name>_Dclass</name>
         <value>0xbfd3</value>
         <object_component_ref idref="oc-72d"/>
      </symbol>
      <symbol id="sm-1098">
         <name>_Dnorm</name>
         <value>0xa20d</value>
         <object_component_ref idref="oc-763"/>
      </symbol>
      <symbol id="sm-10ab">
         <name>_FDnorm</name>
         <value>0xacc1</value>
         <object_component_ref idref="oc-6e4"/>
      </symbol>
      <symbol id="sm-10c4">
         <name>_FDscale</name>
         <value>0xa2d1</value>
         <object_component_ref idref="oc-6e9"/>
      </symbol>
      <symbol id="sm-10e1">
         <name>UARTFIFODisable</name>
         <value>0xc051</value>
         <object_component_ref idref="oc-2fe"/>
      </symbol>
      <symbol id="sm-10e2">
         <name>UARTIntEnable</name>
         <value>0xc073</value>
         <object_component_ref idref="oc-308"/>
      </symbol>
      <symbol id="sm-113d">
         <name>TimerLoadSet</name>
         <value>0xbf9d</value>
         <object_component_ref idref="oc-35f"/>
      </symbol>
      <symbol id="sm-113e">
         <name>TimerControlLevel</name>
         <value>0xbe95</value>
         <object_component_ref idref="oc-36f"/>
      </symbol>
      <symbol id="sm-113f">
         <name>TimerEnable</name>
         <value>0xbff5</value>
         <object_component_ref idref="oc-34f"/>
      </symbol>
      <symbol id="sm-1140">
         <name>TimerValueGet64</name>
         <value>0xbedd</value>
         <object_component_ref idref="oc-16f"/>
      </symbol>
      <symbol id="sm-1141">
         <name>TimerValueGet</name>
         <value>0xc047</value>
         <object_component_ref idref="oc-9d"/>
      </symbol>
      <symbol id="sm-1142">
         <name>TimerPrescaleSet</name>
         <value>0xbfaf</value>
         <object_component_ref idref="oc-36a"/>
      </symbol>
      <symbol id="sm-1143">
         <name>TimerIntEnable</name>
         <value>0xc063</value>
         <object_component_ref idref="oc-364"/>
      </symbol>
      <symbol id="sm-1144">
         <name>TimerLoadSet64</name>
         <value>0xc06b</value>
         <object_component_ref idref="oc-34a"/>
      </symbol>
      <symbol id="sm-1145">
         <name>TimerConfigure</name>
         <value>0xb3dd</value>
         <object_component_ref idref="oc-345"/>
      </symbol>
      <symbol id="sm-1146">
         <name>TimerControlEvent</name>
         <value>0xbf8b</value>
         <object_component_ref idref="oc-35a"/>
      </symbol>
      <symbol id="sm-1147">
         <name>TimerIntClear</name>
         <value>0xc0a5</value>
         <object_component_ref idref="oc-86"/>
      </symbol>
      <symbol id="sm-11ab">
         <name>SysCtlClockSet</name>
         <value>0x9d0d</value>
         <object_component_ref idref="oc-115"/>
      </symbol>
      <symbol id="sm-11ac">
         <name>SysCtlDelay</name>
         <value>0xc08d</value>
         <object_component_ref idref="oc-2e7"/>
      </symbol>
      <symbol id="sm-11ad">
         <name>SysCtlPeripheralEnable</name>
         <value>0xbbc1</value>
         <object_component_ref idref="oc-2ea"/>
      </symbol>
      <symbol id="sm-11ae">
         <name>SysCtlClockGet</name>
         <value>0x94d9</value>
         <object_component_ref idref="oc-323"/>
      </symbol>
      <symbol id="sm-11af">
         <name>SysCtlPeripheralReset</name>
         <value>0xb54d</value>
         <object_component_ref idref="oc-5ba"/>
      </symbol>
      <symbol id="sm-11e1">
         <name>SSIDataPut</name>
         <value>0xc033</value>
         <object_component_ref idref="oc-5d4"/>
      </symbol>
      <symbol id="sm-11e2">
         <name>SSIDataGet</name>
         <value>0xc01d</value>
         <object_component_ref idref="oc-5d9"/>
      </symbol>
      <symbol id="sm-11e3">
         <name>SSIConfigSetExpClk</name>
         <value>0xb8f9</value>
         <object_component_ref idref="oc-37e"/>
      </symbol>
      <symbol id="sm-11e4">
         <name>SSIEnable</name>
         <value>0xc03d</value>
         <object_component_ref idref="oc-383"/>
      </symbol>
      <symbol id="sm-11e5">
         <name>SSIBusy</name>
         <value>0xc05b</value>
         <object_component_ref idref="oc-5cf"/>
      </symbol>
      <symbol id="sm-1210">
         <name>IntEnable</name>
         <value>0xb19d</value>
         <object_component_ref idref="oc-30d"/>
      </symbol>
      <symbol id="sm-1211">
         <name>IntMasterEnable</name>
         <value>0xc029</value>
         <object_component_ref idref="oc-303"/>
      </symbol>
      <symbol id="sm-126e">
         <name>GPIOPinConfigure</name>
         <value>0xb681</value>
         <object_component_ref idref="oc-2ef"/>
      </symbol>
      <symbol id="sm-126f">
         <name>GPIOPinTypeGPIOInput</name>
         <value>0xbf31</value>
         <object_component_ref idref="oc-318"/>
      </symbol>
      <symbol id="sm-1270">
         <name>GPIOPinTypeUART</name>
         <value>0xbf67</value>
         <object_component_ref idref="oc-2f4"/>
      </symbol>
      <symbol id="sm-1271">
         <name>GPIOPinTypeGPIOOutput</name>
         <value>0xbe7d</value>
         <object_component_ref idref="oc-313"/>
      </symbol>
      <symbol id="sm-1272">
         <name>GPIOPinRead</name>
         <value>0xc07b</value>
         <object_component_ref idref="oc-291"/>
      </symbol>
      <symbol id="sm-1273">
         <name>GPIODirModeSet</name>
         <value>0xbd49</value>
         <object_component_ref idref="oc-58b"/>
      </symbol>
      <symbol id="sm-1274">
         <name>GPIOPinWrite</name>
         <value>0xc081</value>
         <object_component_ref idref="oc-129"/>
      </symbol>
      <symbol id="sm-1275">
         <name>GPIOPadConfigSet</name>
         <value>0x8cc9</value>
         <object_component_ref idref="oc-31d"/>
      </symbol>
      <symbol id="sm-1276">
         <name>GPIOPinTypeSSI</name>
         <value>0xbf43</value>
         <object_component_ref idref="oc-379"/>
      </symbol>
      <symbol id="sm-1277">
         <name>GPIOPinTypeTimer</name>
         <value>0xbf55</value>
         <object_component_ref idref="oc-355"/>
      </symbol>
      <symbol id="sm-12ec">
         <name>EEPROMRead</name>
         <value>0xbb59</value>
         <object_component_ref idref="oc-3a6"/>
      </symbol>
      <symbol id="sm-12ed">
         <name>EEPROMProgram</name>
         <value>0xa149</value>
         <object_component_ref idref="oc-60c"/>
      </symbol>
      <symbol id="sm-12ee">
         <name>EEPROMInit</name>
         <value>0xb97d</value>
         <object_component_ref idref="oc-33f"/>
      </symbol>
      <symbol id="sm-12f7">
         <name>CPUcpsie</name>
         <value>0xc011</value>
         <object_component_ref idref="oc-599"/>
      </symbol>
      <symbol id="sm-12f9">
         <name>__TI_static_base__</name>
         <value>0x0</value>
      </symbol>
      <symbol id="sm-12fa">
         <name>__TI_args_main</name>
         <value>0x1</value>
      </symbol>
      <symbol id="sm-12fb">
         <name>SHT$$INIT_ARRAY$$Limit</name>
         <value>0x0</value>
      </symbol>
      <symbol id="sm-12fc">
         <name>SHT$$INIT_ARRAY$$Base</name>
         <value>0x0</value>
      </symbol>
   </symbol_table>
   <title>Link successful</title>
</link_info>
